Godot Engine v4.7.2.stable.official.ed1daf0bf - https://godotengine.org
Vulkan 1.3.280 - Forward+ - Using Device #0: NVIDIA - NVIDIA GeForce RTX 2060 SUPER

WORLD_CACHE HIT 209 top nodes
GAME_READY
FISHING real-lake-bank-found OK
FISHING real-river-bank-found OK
FISHING rod-registered-as-unstackable-tool OK
FISHING lake-bank-detects-water OK
FISHING lake-target-is-wet-and-reachable OK
FISHING lake-cast-starts OK
FISHING lake-bobber-is-on-target OK
FISHING lake-facing-land-rejects-cast OK
FISHING river-bank-detects-water OK
FISHING river-target-is-wet-and-reachable OK
FISHING river-cast-starts OK
FISHING river-bobber-is-on-target OK
FISHING river-facing-land-rejects-cast OK
FISHING real-sea-bank-found OK
FISHING sea-is-not-freshwater OK
FISHING water-covered-by-deck-found OK
FISHING deck-surface-rejects-bobber OK
FISHING freshwater-deck-edge-found OK
FISHING can-cast-from-deck-into-water OK
FISHING non-rod-cannot-cast OK
FISHING tired-cast-rejected-without-charge OK
FISHING transition-blocks-cast OK
FISHING modal-blocks-cast OK
FISHING cast-charges-five-energy OK
FISHING early-reel-has-no-award-or-second-charge OK
FISHING repeated-cast-does-not-recharge OK
FISHING zero-equips-visible-rod OK
FISHING e-casts-at-real-bank OK
FISHING cast-advances-to-bite OK
FISHING space-hooks-without-instant-fish OK
FISHING hooking-does-not-emit-item-added OK
FISHING held-e-reels-through-normal-process OK
FISHING held-space-reels-through-normal-process OK
FISHING held-left-mouse-reels-through-normal-process OK
FISHING released-input-relaxes-tension OK
FISHING capture-is-fight-phase OK
FISHING fishing-panel-does-not-obscure-bobber OK
FISHING fight-screenshot-written OK
FISHING managed-fight-awards-one-fish OK
FISHING caught-fish-emits-one-item-added OK
FISHING successful-fish-awards-xp-once OK
FISHING fight-costs-no-extra-energy OK
FISHING successful-catch-removes-bobber OK
FISHING finished-catch-cannot-double-award OK
FISHING finished-catch-cannot-repeat-item-added OK
FISHING space-also-casts OK
FISHING escape-cancels-cast OK
FISHING inventory-cancels-immediately OK
FISHING escape-closes-inventory OK
FISHING missed-bite-cleans-up OK
FISHING constant-reel-can-break-line OK
FISHING never-reeling-loses-fish OK
FISHING failed-attempts-award-neither-fish-nor-xp OK
FISHING walking-away-cancels-cast OK
FISHING turning-away-cancels-cast OK
FISHING changing-tool-cancels-immediately OK
FISHING natural-day-rollover-cancels-cast OK
FISHING sleep-cancels-cast OK
FISHING fish-exist-before-save OK
FISHING in-memory-roundtrip-preserves-fish OK
FISHING fish-save-written-and-readable OK
FISHING failed-load-preserves-cast OK
FISHING foreign-map-load-preserves-cast OK
FISHING successful-load-restores-fish-and-cancels-cast OK
FISHING legacy-save-without-fish-clears-old-counts OK
FISHING fish-save-can-be-reloaded-repeatedly OK
FISHING shop-estimate-includes-entire-fish-value OK
FISHING shop-estimate-stays-within-panel OK
FISHING shop-screenshot-written OK
FISHING shop-sale-converts-all-fish-to-coins OK
FISHING sale-emits-one-removal-per-fish-stack OK
FISHING sale-emits-matching-money-change-once OK
FISHING shop-estimate-clears-after-sale OK
FISHING second-sale-earns-zero OK
FISHING second-sale-emits-no-extra-economic-events OK
FISHING travel-cancels-before-fade OK
FISHING mine-transition-completes OK
FISHING mine-cannot-cast OK
FISHING return-to-surface-completes OK
FISHING_RESULT PASS 79 checks
