22:29:58 | INFO: Data are loaded, start creating Blender stuff
22:29:58 | INFO: Blender create Mesh node 0
22:29:58 | INFO: Blender create Mesh node 1
22:29:58 | INFO: Blender create Mesh node 2
22:29:58 | INFO: Blender create Mesh node 3
22:29:58 | INFO: Blender create Mesh node 4
22:29:58 | INFO: Blender create Mesh node 5
22:29:58 | INFO: Blender create Mesh node 6
22:29:58 | INFO: Blender create Mesh node 7
22:29:58 | INFO: Blender create Mesh node 8
22:29:58 | INFO: Blender create Mesh node 9
22:29:58 | INFO: Blender create Mesh node 10
22:29:58 | INFO: Blender create Mesh node 11
22:29:58 | INFO: Blender create Mesh node 12
22:29:58 | INFO: Blender create Mesh node 13
22:29:58 | INFO: Blender create Mesh node 14
22:29:58 | INFO: Blender create Mesh node 15
22:29:58 | INFO: Blender create Mesh node 16
22:29:58 | INFO: Blender create Mesh node 17
22:29:58 | INFO: Blender create Mesh node 18
22:29:58 | INFO: Blender create Mesh node 19
22:29:58 | INFO: Blender create Mesh node 20
22:29:58 | INFO: Blender create Mesh node 21
22:29:58 | INFO: Blender create Mesh node 22
22:29:58 | INFO: Blender create Mesh node 23
22:29:58 | INFO: Blender create Mesh node 24
22:29:58 | INFO: Blender create Mesh node 25
22:29:58 | INFO: Blender create Mesh node 26
22:29:58 | INFO: Blender create Mesh node 27
22:29:58 | INFO: Blender create Mesh node 28
22:29:58 | INFO: Blender create Mesh node 29
22:29:58 | INFO: Blender create Mesh node 30
22:29:58 | INFO: Blender create Mesh node 31
22:29:58 | INFO: Blender create Mesh node 32
22:29:58 | INFO: Blender create Mesh node 33
22:29:58 | INFO: Blender create Mesh node 34
22:29:58 | INFO: Blender create Mesh node 35
22:29:58 | INFO: Blender create Mesh node 36
22:29:58 | INFO: Blender create Mesh node 37
22:29:58 | INFO: Blender create Mesh node 38
22:29:58 | INFO: Blender create Mesh node 39
22:29:58 | INFO: Blender create Mesh node 40
22:29:58 | INFO: Blender create Mesh node 41
22:29:58 | INFO: Blender create Mesh node 42
22:29:58 | INFO: Blender create Mesh node 43
22:29:58 | INFO: Blender create Mesh node 44
22:29:58 | INFO: Blender create Mesh node 45
22:29:58 | INFO: Blender create Mesh node 46
22:29:58 | INFO: Blender create Mesh node 47
22:29:58 | INFO: Blender create Mesh node 48
22:29:58 | INFO: Blender create Mesh node 49
22:29:58 | INFO: Blender create Mesh node 50
22:29:58 | INFO: Blender create Mesh node 51
22:29:58 | INFO: Blender create Mesh node 52
22:29:58 | INFO: Blender create Mesh node 53
22:29:58 | INFO: Blender create Mesh node 54
22:29:58 | INFO: Blender create Mesh node 55
22:29:58 | INFO: Blender create Mesh node 56
22:29:58 | INFO: Blender create Mesh node 57
22:29:58 | INFO: Blender create Mesh node 58
22:29:58 | INFO: Blender create Mesh node 59
22:29:58 | INFO: Blender create Mesh node 60
22:29:58 | INFO: Blender create Mesh node 61
22:29:58 | INFO: Blender create Mesh node 62
22:29:58 | INFO: Blender create Mesh node 63
22:29:58 | INFO: Blender create Mesh node 64
22:29:58 | INFO: Blender create Mesh node 65
22:29:58 | INFO: Blender create Mesh node 66
22:29:58 | INFO: Blender create Mesh node 67
22:29:58 | INFO: Blender create Mesh node 68
22:29:58 | INFO: Blender create Mesh node 69
22:29:58 | INFO: Blender create Mesh node 70
22:29:58 | INFO: Blender create Mesh node 71
22:29:58 | INFO: Blender create Mesh node 72
22:29:58 | INFO: Blender create Mesh node 73
22:29:58 | INFO: Blender create Mesh node 74
22:29:58 | INFO: Blender create Mesh node 75
22:29:58 | INFO: Blender create Mesh node 76
22:29:58 | INFO: Blender create Mesh node 77
22:29:58 | INFO: Blender create Mesh node 78
22:29:58 | INFO: Blender create Mesh node 79
22:29:58 | INFO: Blender create Mesh node 80
22:29:58 | INFO: Blender create Mesh node 81
22:29:58 | INFO: Blender create Mesh node 82
22:29:58 | INFO: Blender create Mesh node 83
22:29:58 | INFO: Blender create Mesh node 84
22:29:58 | INFO: Blender create Mesh node 85
22:29:58 | INFO: Blender create Mesh node 86
22:29:58 | INFO: Blender create Mesh node 87
22:29:58 | INFO: Blender create Mesh node 88
22:29:58 | INFO: Blender create Mesh node 89
22:29:58 | INFO: Blender create Mesh node 90
22:29:58 | INFO: Blender create Mesh node 91
22:29:58 | INFO: Blender create Mesh node 92
22:29:58 | INFO: Blender create Mesh node 93
22:29:58 | INFO: Blender create Mesh node 94
22:29:58 | INFO: Blender create Mesh node 95
22:29:58 | INFO: Blender create Mesh node 96
22:29:58 | INFO: Blender create Mesh node 97
22:29:58 | INFO: Blender create Mesh node 98
22:29:58 | INFO: Blender create Mesh node 99
22:29:58 | INFO: Blender create Mesh node 100
22:29:58 | INFO: Blender create Mesh node 101
22:29:58 | INFO: Blender create Mesh node 102
22:29:58 | INFO: Blender create Mesh node 103
22:29:58 | INFO: Blender create Mesh node 104
22:29:58 | INFO: Blender create Mesh node 105
22:29:58 | INFO: Blender create Mesh node 106
22:29:58 | INFO: Blender create Mesh node 107
22:29:58 | INFO: Blender create Mesh node 108
22:29:58 | INFO: Blender create Mesh node 109
22:29:58 | INFO: Blender create Mesh node 110
22:29:58 | INFO: Blender create Mesh node 111
22:29:58 | INFO: Blender create Mesh node 112
22:29:58 | INFO: Blender create Mesh node 113
22:29:58 | INFO: Blender create Mesh node 114
22:29:58 | INFO: Blender create Mesh node 115
22:29:58 | INFO: Blender create Mesh node 116
22:29:58 | INFO: Blender create Mesh node 117
22:29:58 | INFO: Blender create Mesh node 118
22:29:58 | INFO: Blender create Mesh node 119
22:29:58 | INFO: Blender create Mesh node 120
22:29:58 | INFO: Blender create Mesh node 121
22:29:58 | INFO: glTF import finished in 0.11s
Info: Saved as "cottage.blend"
BLENDER_MASTER cottage
22:29:58 | INFO: Data are loaded, start creating Blender stuff
22:29:58 | INFO: Blender create Mesh node 0
22:29:58 | INFO: Blender create Mesh node 1
22:29:58 | INFO: Blender create Mesh node 2
22:29:58 | INFO: Blender create Mesh node 3
22:29:58 | INFO: Blender create Mesh node 4
22:29:58 | INFO: Blender create Mesh node 5
22:29:58 | INFO: Blender create Mesh node 6
22:29:58 | INFO: Blender create Mesh node 7
22:29:58 | INFO: Blender create Mesh node 8
22:29:58 | INFO: Blender create Mesh node 9
22:29:58 | INFO: Blender create Mesh node 10
22:29:58 | INFO: Blender create Mesh node 11
22:29:58 | INFO: Blender create Mesh node 12
22:29:58 | INFO: Blender create Mesh node 13
22:29:58 | INFO: Blender create Mesh node 14
22:29:58 | INFO: Blender create Mesh node 15
22:29:58 | INFO: Blender create Mesh node 16
22:29:58 | INFO: Blender create Mesh node 17
22:29:58 | INFO: Blender create Mesh node 18
22:29:58 | INFO: Blender create Mesh node 19
22:29:58 | INFO: Blender create Mesh node 20
22:29:58 | INFO: Blender create Mesh node 21
22:29:58 | INFO: Blender create Mesh node 22
22:29:58 | INFO: Blender create Mesh node 23
22:29:58 | INFO: Blender create Mesh node 24
22:29:58 | INFO: Blender create Mesh node 25
22:29:58 | INFO: Blender create Mesh node 26
22:29:58 | INFO: Blender create Mesh node 27
22:29:58 | INFO: Blender create Mesh node 28
22:29:58 | INFO: Blender create Mesh node 29
22:29:58 | INFO: Blender create Mesh node 30
22:29:58 | INFO: Blender create Mesh node 31
22:29:58 | INFO: Blender create Mesh node 32
22:29:58 | INFO: Blender create Mesh node 33
22:29:58 | INFO: Blender create Mesh node 34
22:29:58 | INFO: Blender create Mesh node 35
22:29:58 | INFO: Blender create Mesh node 36
22:29:58 | INFO: Blender create Mesh node 37
22:29:58 | INFO: Blender create Mesh node 38
22:29:58 | INFO: Blender create Mesh node 39
22:29:58 | INFO: Blender create Mesh node 40
22:29:58 | INFO: Blender create Mesh node 41
22:29:58 | INFO: Blender create Mesh node 42
22:29:58 | INFO: Blender create Mesh node 43
22:29:58 | INFO: Blender create Mesh node 44
22:29:58 | INFO: Blender create Mesh node 45
22:29:58 | INFO: Blender create Mesh node 46
22:29:58 | INFO: Blender create Mesh node 47
22:29:58 | INFO: Blender create Mesh node 48
22:29:58 | INFO: Blender create Mesh node 49
22:29:58 | INFO: Blender create Mesh node 50
22:29:58 | INFO: Blender create Mesh node 51
22:29:58 | INFO: Blender create Mesh node 52
22:29:58 | INFO: Blender create Mesh node 53
22:29:58 | INFO: Blender create Mesh node 54
22:29:58 | INFO: Blender create Mesh node 55
22:29:58 | INFO: Blender create Mesh node 56
22:29:58 | INFO: Blender create Mesh node 57
22:29:58 | INFO: Blender create Mesh node 58
22:29:58 | INFO: Blender create Mesh node 59
22:29:58 | INFO: Blender create Mesh node 60
22:29:58 | INFO: Blender create Mesh node 61
22:29:58 | INFO: Blender create Mesh node 62
22:29:58 | INFO: Blender create Mesh node 63
22:29:58 | INFO: Blender create Mesh node 64
22:29:58 | INFO: Blender create Mesh node 65
22:29:58 | INFO: Blender create Mesh node 66
22:29:58 | INFO: Blender create Mesh node 67
22:29:58 | INFO: Blender create Mesh node 68
22:29:58 | INFO: Blender create Mesh node 69
22:29:58 | INFO: Blender create Mesh node 70
22:29:58 | INFO: Blender create Mesh node 71
22:29:58 | INFO: Blender create Mesh node 72
22:29:58 | INFO: Blender create Mesh node 73
22:29:58 | INFO: Blender create Mesh node 74
22:29:58 | INFO: Blender create Mesh node 75
22:29:58 | INFO: Blender create Mesh node 76
22:29:58 | INFO: Blender create Mesh node 77
22:29:58 | INFO: Blender create Mesh node 78
22:29:58 | INFO: Blender create Mesh node 79
22:29:58 | INFO: Blender create Mesh node 80
22:29:58 | INFO: Blender create Mesh node 81
22:29:58 | INFO: Blender create Mesh node 82
22:29:58 | INFO: Blender create Mesh node 83
22:29:58 | INFO: Blender create Mesh node 84
22:29:58 | INFO: Blender create Mesh node 85
22:29:58 | INFO: Blender create Mesh node 86
22:29:58 | INFO: Blender create Mesh node 87
22:29:58 | INFO: Blender create Mesh node 88
22:29:58 | INFO: Blender create Mesh node 89
22:29:58 | INFO: Blender create Mesh node 90
22:29:58 | INFO: Blender create Mesh node 91
22:29:58 | INFO: Blender create Mesh node 92
22:29:58 | INFO: Blender create Mesh node 93
22:29:58 | INFO: Blender create Mesh node 94
22:29:58 | INFO: Blender create Mesh node 95
22:29:58 | INFO: Blender create Mesh node 96
22:29:58 | INFO: Blender create Mesh node 97
22:29:58 | INFO: Blender create Mesh node 98
22:29:58 | INFO: Blender create Mesh node 99
22:29:58 | INFO: Blender create Mesh node 100
22:29:58 | INFO: Blender create Mesh node 101
22:29:58 | INFO: Blender create Mesh node 102
22:29:58 | INFO: Blender create Mesh node 103
22:29:58 | INFO: Blender create Mesh node 104
22:29:58 | INFO: Blender create Mesh node 105
22:29:58 | INFO: glTF import finished in 0.07s
Info: Saved as "seed_shop.blend"
BLENDER_MASTER seed_shop
22:29:58 | INFO: Data are loaded, start creating Blender stuff
22:29:58 | INFO: Blender create Mesh node 0
22:29:58 | INFO: Blender create Mesh node 1
22:29:58 | INFO: Blender create Mesh node 2
22:29:58 | INFO: Blender create Mesh node 3
22:29:58 | INFO: Blender create Mesh node 4
22:29:58 | INFO: Blender create Mesh node 5
22:29:58 | INFO: Blender create Mesh node 6
22:29:58 | INFO: Blender create Mesh node 7
22:29:58 | INFO: Blender create Mesh node 8
22:29:58 | INFO: Blender create Mesh node 9
22:29:58 | INFO: Blender create Mesh node 10
22:29:58 | INFO: Blender create Mesh node 11
22:29:58 | INFO: Blender create Mesh node 12
22:29:58 | INFO: Blender create Mesh node 13
22:29:58 | INFO: Blender create Mesh node 14
22:29:58 | INFO: Blender create Mesh node 15
22:29:58 | INFO: Blender create Mesh node 16
22:29:58 | INFO: Blender create Mesh node 17
22:29:58 | INFO: Blender create Mesh node 18
22:29:58 | INFO: Blender create Mesh node 19
22:29:58 | INFO: Blender create Mesh node 20
22:29:58 | INFO: Blender create Mesh node 21
22:29:58 | INFO: Blender create Mesh node 22
22:29:58 | INFO: Blender create Mesh node 23
22:29:58 | INFO: Blender create Mesh node 24
22:29:58 | INFO: Blender create Mesh node 25
22:29:58 | INFO: Blender create Mesh node 26
22:29:58 | INFO: Blender create Mesh node 27
22:29:58 | INFO: Blender create Mesh node 28
22:29:58 | INFO: Blender create Mesh node 29
22:29:58 | INFO: Blender create Mesh node 30
22:29:58 | INFO: Blender create Mesh node 31
22:29:58 | INFO: Blender create Mesh node 32
22:29:58 | INFO: Blender create Mesh node 33
22:29:58 | INFO: Blender create Mesh node 34
22:29:58 | INFO: Blender create Mesh node 35
22:29:58 | INFO: Blender create Mesh node 36
22:29:58 | INFO: Blender create Mesh node 37
22:29:58 | INFO: Blender create Mesh node 38
22:29:58 | INFO: Blender create Mesh node 39
22:29:58 | INFO: Blender create Mesh node 40
22:29:58 | INFO: Blender create Mesh node 41
22:29:58 | INFO: Blender create Mesh node 42
22:29:58 | INFO: Blender create Mesh node 43
22:29:58 | INFO: Blender create Mesh node 44
22:29:58 | INFO: Blender create Mesh node 45
22:29:58 | INFO: Blender create Mesh node 46
22:29:58 | INFO: Blender create Mesh node 47
22:29:58 | INFO: Blender create Mesh node 48
22:29:58 | INFO: Blender create Mesh node 49
22:29:58 | INFO: Blender create Mesh node 50
22:29:58 | INFO: Blender create Mesh node 51
22:29:58 | INFO: Blender create Mesh node 52
22:29:58 | INFO: Blender create Mesh node 53
22:29:58 | INFO: Blender create Mesh node 54
22:29:58 | INFO: glTF import finished in 0.05s
Info: Saved as "barn.blend"
BLENDER_MASTER barn
22:29:58 | INFO: Data are loaded, start creating Blender stuff
22:29:58 | INFO: Blender create Mesh node 0
22:29:58 | INFO: Blender create Mesh node 1
22:29:58 | INFO: Blender create Mesh node 2
22:29:58 | INFO: Blender create Mesh node 3
22:29:58 | INFO: Blender create Mesh node 4
22:29:58 | INFO: Blender create Mesh node 5
22:29:58 | INFO: Blender create Mesh node 6
22:29:58 | INFO: Blender create Mesh node 7
22:29:58 | INFO: Blender create Mesh node 8
22:29:58 | INFO: Blender create Mesh node 9
22:29:58 | INFO: Blender create Mesh node 10
22:29:58 | INFO: Blender create Mesh node 11
22:29:58 | INFO: Blender create Mesh node 12
22:29:58 | INFO: Blender create Mesh node 13
22:29:58 | INFO: Blender create Mesh node 14
22:29:58 | INFO: Blender create Mesh node 15
22:29:58 | INFO: Blender create Mesh node 16
22:29:58 | INFO: Blender create Mesh node 17
22:29:58 | INFO: Blender create Mesh node 18
22:29:58 | INFO: Blender create Mesh node 19
22:29:58 | INFO: Blender create Mesh node 20
22:29:58 | INFO: Blender create Mesh node 21
22:29:58 | INFO: Blender create Mesh node 22
22:29:58 | INFO: Blender create Mesh node 23
22:29:58 | INFO: Blender create Mesh node 24
22:29:58 | INFO: Blender create Mesh node 25
22:29:58 | INFO: Blender create Mesh node 26
22:29:58 | INFO: Blender create Mesh node 27
22:29:58 | INFO: Blender create Mesh node 28
22:29:58 | INFO: Blender create Mesh node 29
22:29:58 | INFO: Blender create Mesh node 30
22:29:58 | INFO: Blender create Mesh node 31
22:29:58 | INFO: Blender create Mesh node 32
22:29:58 | INFO: Blender create Mesh node 33
22:29:58 | INFO: Blender create Mesh node 34
22:29:58 | INFO: Blender create Mesh node 35
22:29:58 | INFO: glTF import finished in 0.04s
Info: Saved as "coop.blend"
BLENDER_MASTER coop
Blender 4.5.3 LTS (hash 67807e1800cc built 2025-09-09 01:33:39)

Blender quit
