Info: Saved as "foliage_pine_0.blend"
INFO Draco mesh compression is available, use library at /tmp/breezetown-blender/Blender.app/Contents/Resources/4.5/scripts/addons_core/io_scene_gltf2/libextern_draco.dylib
22:24:00 | INFO: Starting glTF 2.0 export
22:24:00 | INFO: Extracting primitive: Cone
22:24:00 | INFO: Primitives created: 7
22:24:00 | INFO: Finished glTF 2.0 export in 0.0287017822265625 s

ASSET_EXPORTED foliage_pine_0
Info: Saved as "foliage_pine_1.blend"
22:24:00 | INFO: Starting glTF 2.0 export
22:24:00 | INFO: Extracting primitive: Cone.054
22:24:00 | INFO: Primitives created: 7
22:24:00 | INFO: Finished glTF 2.0 export in 0.017526865005493164 s

ASSET_EXPORTED foliage_pine_1
Info: Saved as "foliage_oak_0.blend"
22:24:00 | INFO: Starting glTF 2.0 export
22:24:00 | INFO: Extracting primitive: Cone.108
22:24:00 | INFO: Primitives created: 7
22:24:00 | INFO: Finished glTF 2.0 export in 0.00854182243347168 s

ASSET_EXPORTED foliage_oak_0
Info: Saved as "foliage_oak_1.blend"
22:24:01 | INFO: Starting glTF 2.0 export
22:24:01 | INFO: Extracting primitive: Cone.127
22:24:01 | INFO: Primitives created: 7
22:24:01 | INFO: Finished glTF 2.0 export in 0.008699893951416016 s

ASSET_EXPORTED foliage_oak_1
Info: Saved as "foliage_apple_0.blend"
22:24:01 | INFO: Starting glTF 2.0 export
22:24:01 | INFO: Extracting primitive: Cone.146
22:24:01 | INFO: Primitives created: 8
22:24:01 | INFO: Finished glTF 2.0 export in 0.009484052658081055 s

ASSET_EXPORTED foliage_apple_0
Info: Saved as "foliage_apple_1.blend"
22:24:01 | INFO: Starting glTF 2.0 export
22:24:01 | INFO: Extracting primitive: Cone.165
22:24:01 | INFO: Primitives created: 8
22:24:01 | INFO: Finished glTF 2.0 export in 0.009738683700561523 s

ASSET_EXPORTED foliage_apple_1
Blender 4.5.3 LTS (hash 67807e1800cc built 2025-09-09 01:33:39)

Blender quit
