Godot Engine v4.7.2.stable.official.ed1daf0bf - https://godotengine.org

MAP_DOMAIN water-cannot-walk OK
MAP_DOMAIN bridge-can-walk OK
MAP_DOMAIN bridge-cannot-till OK
MAP_DOMAIN dock-can-walk OK
MAP_DOMAIN dock-cannot-till OK
MAP_DOMAIN bank-footprint-protected OK
MAP_DOMAIN open-grass-tillable OK
MAP_DOMAIN boundary-rejects-outside OK
MAP_DOMAIN water-collision-present OK
MAP_DOMAIN bridge-no-water-collision OK
MAP_DOMAIN route-crosses-via-bridge OK
MAP_DOMAIN route-never-enters-water OK
MAP_DOMAIN no-bridge-no-crossing OK
MAP_DOMAIN resource-blocks-navigation OK
MAP_DOMAIN resource-removal-opens-route OK
MAP_DOMAIN legacy-migration-succeeds OK
MAP_DOMAIN migration-conserves-economy-and-crops OK
MAP_DOMAIN migration-conserves-growth-water OK
MAP_DOMAIN migration-avoids-new-water OK
MAP_DOMAIN migration-does-not-mutate-source OK
MAP_DOMAIN migration-idempotent OK
MAP_DOMAIN_RESULT PASS 21 checks
