Godot Engine v4.7.2.stable.official.ed1daf0bf - https://godotengine.org
Metal 4.0 - Forward+ - Using Device #0: Apple - Apple M5 (Apple9)

--Main Shader--
    7 | varying vec3 world;
    8 | float hash21(vec2 p){ return fract(sin(dot(p,vec2(127.1,311.7))+seed)*43758.5453); }
E   9-> float noise(vec2 p){ vec2 i=floor(p); vec2 f=fract(p); f=f*f*(3.0-2.0*f); return mix(mix(hash21(i),hash21(i+vec2(1,0)),f.x),mix(hash21(i+vec2(0,1),hash21(i+vec2(1,1)),f.x),f.y); }
   10 | void vertex(){ world=(MODEL_MATRIX*vec4(VERTEX,1.0)).xyz; }
   11 | void fragment(){
SHADER ERROR: Too many arguments for "hash21(vec2)" call. Expected at most 1 but received 3.
          at: (null) (:9)
          GDScript backtrace (most recent call first):
              [0] _field_material (res://scripts/first_map_builder.gd:104)
              [1] _build_fields (res://scripts/first_map_builder.gd:71)
              [2] build (res://scripts/first_map_builder.gd:49)
              [3] build (res://scripts/world_builder.gd:21)
              [4] _ready (res://scripts/main.gd:97)
ERROR: Shader compilation failed.
   at: set_code (servers/rendering/renderer_rd/forward_clustered/scene_shader_forward_clustered.cpp:185)
   GDScript backtrace (most recent call first):
       [0] _field_material (res://scripts/first_map_builder.gd:104)
       [1] _build_fields (res://scripts/first_map_builder.gd:71)
       [2] build (res://scripts/first_map_builder.gd:49)
       [3] build (res://scripts/world_builder.gd:21)
       [4] _ready (res://scripts/main.gd:97)
--Main Shader--
    7 | varying vec3 world;
    8 | float hash21(vec2 p){ return fract(sin(dot(p,vec2(127.1,311.7))+seed)*43758.5453); }
E   9-> float noise(vec2 p){ vec2 i=floor(p); vec2 f=fract(p); f=f*f*(3.0-2.0*f); return mix(mix(hash21(i),hash21(i+vec2(1,0)),f.x),mix(hash21(i+vec2(0,1),hash21(i+vec2(1,1)),f.x),f.y); }
   10 | void vertex(){ world=(MODEL_MATRIX*vec4(VERTEX,1.0)).xyz; }
   11 | void fragment(){
SHADER ERROR: Too many arguments for "hash21(vec2)" call. Expected at most 1 but received 3.
          at: (null) (:9)
          GDScript backtrace (most recent call first):
              [0] _field_material (res://scripts/first_map_builder.gd:104)
              [1] _build_fields (res://scripts/first_map_builder.gd:71)
              [2] build (res://scripts/first_map_builder.gd:49)
              [3] build (res://scripts/world_builder.gd:21)
              [4] _ready (res://scripts/main.gd:97)
ERROR: Shader compilation failed.
   at: set_code (servers/rendering/renderer_rd/forward_clustered/scene_shader_forward_clustered.cpp:185)
   GDScript backtrace (most recent call first):
       [0] _field_material (res://scripts/first_map_builder.gd:104)
       [1] _build_fields (res://scripts/first_map_builder.gd:71)
       [2] build (res://scripts/first_map_builder.gd:49)
       [3] build (res://scripts/world_builder.gd:21)
       [4] _ready (res://scripts/main.gd:97)
--Main Shader--
    7 | varying vec3 world;
    8 | float hash21(vec2 p){ return fract(sin(dot(p,vec2(127.1,311.7))+seed)*43758.5453); }
E   9-> float noise(vec2 p){ vec2 i=floor(p); vec2 f=fract(p); f=f*f*(3.0-2.0*f); return mix(mix(hash21(i),hash21(i+vec2(1,0)),f.x),mix(hash21(i+vec2(0,1),hash21(i+vec2(1,1)),f.x),f.y); }
   10 | void vertex(){ world=(MODEL_MATRIX*vec4(VERTEX,1.0)).xyz; }
   11 | void fragment(){
SHADER ERROR: Too many arguments for "hash21(vec2)" call. Expected at most 1 but received 3.
          at: (null) (:9)
          GDScript backtrace (most recent call first):
              [0] _field_material (res://scripts/first_map_builder.gd:104)
              [1] _build_fields (res://scripts/first_map_builder.gd:71)
              [2] build (res://scripts/first_map_builder.gd:49)
              [3] build (res://scripts/world_builder.gd:21)
              [4] _ready (res://scripts/main.gd:97)
ERROR: Shader compilation failed.
   at: set_code (servers/rendering/renderer_rd/forward_clustered/scene_shader_forward_clustered.cpp:185)
   GDScript backtrace (most recent call first):
       [0] _field_material (res://scripts/first_map_builder.gd:104)
       [1] _build_fields (res://scripts/first_map_builder.gd:71)
       [2] build (res://scripts/first_map_builder.gd:49)
       [3] build (res://scripts/world_builder.gd:21)
       [4] _ready (res://scripts/main.gd:97)
--Main Shader--
    7 | varying vec3 world;
    8 | float hash21(vec2 p){ return fract(sin(dot(p,vec2(127.1,311.7))+seed)*43758.5453); }
E   9-> float noise(vec2 p){ vec2 i=floor(p); vec2 f=fract(p); f=f*f*(3.0-2.0*f); return mix(mix(hash21(i),hash21(i+vec2(1,0)),f.x),mix(hash21(i+vec2(0,1),hash21(i+vec2(1,1)),f.x),f.y); }
   10 | void vertex(){ world=(MODEL_MATRIX*vec4(VERTEX,1.0)).xyz; }
   11 | void fragment(){
SHADER ERROR: Too many arguments for "hash21(vec2)" call. Expected at most 1 but received 3.
          at: (null) (:9)
          GDScript backtrace (most recent call first):
              [0] _field_material (res://scripts/first_map_builder.gd:104)
              [1] _build_fields (res://scripts/first_map_builder.gd:71)
              [2] build (res://scripts/first_map_builder.gd:49)
              [3] build (res://scripts/world_builder.gd:21)
              [4] _ready (res://scripts/main.gd:97)
ERROR: Shader compilation failed.
   at: set_code (servers/rendering/renderer_rd/forward_clustered/scene_shader_forward_clustered.cpp:185)
   GDScript backtrace (most recent call first):
       [0] _field_material (res://scripts/first_map_builder.gd:104)
       [1] _build_fields (res://scripts/first_map_builder.gd:71)
       [2] build (res://scripts/first_map_builder.gd:49)
       [3] build (res://scripts/world_builder.gd:21)
       [4] _ready (res://scripts/main.gd:97)
--Main Shader--
    7 | varying vec3 world;
    8 | float hash21(vec2 p){ return fract(sin(dot(p,vec2(127.1,311.7))+seed)*43758.5453); }
E   9-> float noise(vec2 p){ vec2 i=floor(p); vec2 f=fract(p); f=f*f*(3.0-2.0*f); return mix(mix(hash21(i),hash21(i+vec2(1,0)),f.x),mix(hash21(i+vec2(0,1),hash21(i+vec2(1,1)),f.x),f.y); }
   10 | void vertex(){ world=(MODEL_MATRIX*vec4(VERTEX,1.0)).xyz; }
   11 | void fragment(){
SHADER ERROR: Too many arguments for "hash21(vec2)" call. Expected at most 1 but received 3.
          at: (null) (:9)
          GDScript backtrace (most recent call first):
              [0] _field_material (res://scripts/first_map_builder.gd:104)
              [1] _build_fields (res://scripts/first_map_builder.gd:71)
              [2] build (res://scripts/first_map_builder.gd:49)
              [3] build (res://scripts/world_builder.gd:21)
              [4] _ready (res://scripts/main.gd:97)
ERROR: Shader compilation failed.
   at: set_code (servers/rendering/renderer_rd/forward_clustered/scene_shader_forward_clustered.cpp:185)
   GDScript backtrace (most recent call first):
       [0] _field_material (res://scripts/first_map_builder.gd:104)
       [1] _build_fields (res://scripts/first_map_builder.gd:71)
       [2] build (res://scripts/first_map_builder.gd:49)
       [3] build (res://scripts/world_builder.gd:21)
       [4] _ready (res://scripts/main.gd:97)
--Main Shader--
    7 | varying vec3 world;
    8 | float hash21(vec2 p){ return fract(sin(dot(p,vec2(127.1,311.7))+seed)*43758.5453); }
E   9-> float noise(vec2 p){ vec2 i=floor(p); vec2 f=fract(p); f=f*f*(3.0-2.0*f); return mix(mix(hash21(i),hash21(i+vec2(1,0)),f.x),mix(hash21(i+vec2(0,1),hash21(i+vec2(1,1)),f.x),f.y); }
   10 | void vertex(){ world=(MODEL_MATRIX*vec4(VERTEX,1.0)).xyz; }
   11 | void fragment(){
SHADER ERROR: Too many arguments for "hash21(vec2)" call. Expected at most 1 but received 3.
          at: (null) (:9)
          GDScript backtrace (most recent call first):
              [0] _field_material (res://scripts/first_map_builder.gd:104)
              [1] _build_fields (res://scripts/first_map_builder.gd:71)
              [2] build (res://scripts/first_map_builder.gd:49)
              [3] build (res://scripts/world_builder.gd:21)
              [4] _ready (res://scripts/main.gd:97)
ERROR: Shader compilation failed.
   at: set_code (servers/rendering/renderer_rd/forward_clustered/scene_shader_forward_clustered.cpp:185)
   GDScript backtrace (most recent call first):
       [0] _field_material (res://scripts/first_map_builder.gd:104)
       [1] _build_fields (res://scripts/first_map_builder.gd:71)
       [2] build (res://scripts/first_map_builder.gd:49)
       [3] build (res://scripts/world_builder.gd:21)
       [4] _ready (res://scripts/main.gd:97)
--Main Shader--
    7 | varying vec3 world;
    8 | float hash21(vec2 p){ return fract(sin(dot(p,vec2(127.1,311.7))+seed)*43758.5453); }
E   9-> float noise(vec2 p){ vec2 i=floor(p); vec2 f=fract(p); f=f*f*(3.0-2.0*f); return mix(mix(hash21(i),hash21(i+vec2(1,0)),f.x),mix(hash21(i+vec2(0,1),hash21(i+vec2(1,1)),f.x),f.y); }
   10 | void vertex(){ world=(MODEL_MATRIX*vec4(VERTEX,1.0)).xyz; }
   11 | void fragment(){
SHADER ERROR: Too many arguments for "hash21(vec2)" call. Expected at most 1 but received 3.
          at: (null) (:9)
          GDScript backtrace (most recent call first):
              [0] _field_material (res://scripts/first_map_builder.gd:104)
              [1] _build_fields (res://scripts/first_map_builder.gd:71)
              [2] build (res://scripts/first_map_builder.gd:49)
              [3] build (res://scripts/world_builder.gd:21)
              [4] _ready (res://scripts/main.gd:97)
ERROR: Shader compilation failed.
   at: set_code (servers/rendering/renderer_rd/forward_clustered/scene_shader_forward_clustered.cpp:185)
   GDScript backtrace (most recent call first):
       [0] _field_material (res://scripts/first_map_builder.gd:104)
       [1] _build_fields (res://scripts/first_map_builder.gd:71)
       [2] build (res://scripts/first_map_builder.gd:49)
       [3] build (res://scripts/world_builder.gd:21)
       [4] _ready (res://scripts/main.gd:97)
--Main Shader--
    7 | varying vec3 world;
    8 | float hash21(vec2 p){ return fract(sin(dot(p,vec2(127.1,311.7))+seed)*43758.5453); }
E   9-> float noise(vec2 p){ vec2 i=floor(p); vec2 f=fract(p); f=f*f*(3.0-2.0*f); return mix(mix(hash21(i),hash21(i+vec2(1,0)),f.x),mix(hash21(i+vec2(0,1),hash21(i+vec2(1,1)),f.x),f.y); }
   10 | void vertex(){ world=(MODEL_MATRIX*vec4(VERTEX,1.0)).xyz; }
   11 | void fragment(){
SHADER ERROR: Too many arguments for "hash21(vec2)" call. Expected at most 1 but received 3.
          at: (null) (:9)
          GDScript backtrace (most recent call first):
              [0] _field_material (res://scripts/first_map_builder.gd:104)
              [1] _build_fields (res://scripts/first_map_builder.gd:71)
              [2] build (res://scripts/first_map_builder.gd:49)
              [3] build (res://scripts/world_builder.gd:21)
              [4] _ready (res://scripts/main.gd:97)
ERROR: Shader compilation failed.
   at: set_code (servers/rendering/renderer_rd/forward_clustered/scene_shader_forward_clustered.cpp:185)
   GDScript backtrace (most recent call first):
       [0] _field_material (res://scripts/first_map_builder.gd:104)
       [1] _build_fields (res://scripts/first_map_builder.gd:71)
       [2] build (res://scripts/first_map_builder.gd:49)
       [3] build (res://scripts/world_builder.gd:21)
       [4] _ready (res://scripts/main.gd:97)
--Main Shader--
    7 | varying vec3 world;
    8 | float hash21(vec2 p){ return fract(sin(dot(p,vec2(127.1,311.7))+seed)*43758.5453); }
E   9-> float noise(vec2 p){ vec2 i=floor(p); vec2 f=fract(p); f=f*f*(3.0-2.0*f); return mix(mix(hash21(i),hash21(i+vec2(1,0)),f.x),mix(hash21(i+vec2(0,1),hash21(i+vec2(1,1)),f.x),f.y); }
   10 | void vertex(){ world=(MODEL_MATRIX*vec4(VERTEX,1.0)).xyz; }
   11 | void fragment(){
SHADER ERROR: Too many arguments for "hash21(vec2)" call. Expected at most 1 but received 3.
          at: (null) (:9)
          GDScript backtrace (most recent call first):
              [0] _field_material (res://scripts/first_map_builder.gd:104)
              [1] _build_fields (res://scripts/first_map_builder.gd:71)
              [2] build (res://scripts/first_map_builder.gd:49)
              [3] build (res://scripts/world_builder.gd:21)
              [4] _ready (res://scripts/main.gd:97)
ERROR: Shader compilation failed.
   at: set_code (servers/rendering/renderer_rd/forward_clustered/scene_shader_forward_clustered.cpp:185)
   GDScript backtrace (most recent call first):
       [0] _field_material (res://scripts/first_map_builder.gd:104)
       [1] _build_fields (res://scripts/first_map_builder.gd:71)
       [2] build (res://scripts/first_map_builder.gd:49)
       [3] build (res://scripts/world_builder.gd:21)
       [4] _ready (res://scripts/main.gd:97)
SHOT_OK /Users/shenhongshi/workspace/myworld/work/art01/v3-garden.png OK (1600, 1000)
RENDER_INFO static_batches=2448 draws=4455 objects=4492 primitives=3819265 sampled_fps=59.9
ERROR: Pages in use exist at exit in PagedAllocator: N33RendererSceneRenderImplementation22RenderForwardClustered32GeometryInstanceSurfaceDataCacheE
   at: ~PagedAllocator (./core/templates/paged_allocator.h:170)
ERROR: Pages in use exist at exit in PagedAllocator: N33RendererSceneRenderImplementation22RenderForwardClustered32GeometryInstanceForwardClusteredE
   at: ~PagedAllocator (./core/templates/paged_allocator.h:170)
ERROR: 2 shaders of type SceneForwardClusteredShaderRD were never freed
   at: ~ShaderRD (servers/rendering/renderer_rd/shader_rd.cpp:1236)
WARNING: Leaked instance dependency: Bug - did not call instance_notify_deleted when freeing.
   at: ~Dependency (servers/rendering/storage/utilities.cpp:56)
WARNING: Leaked instance dependency: Bug - did not call instance_notify_deleted when freeing.
   at: ~Dependency (servers/rendering/storage/utilities.cpp:56)
WARNING: Leaked instance dependency: Bug - did not call instance_notify_deleted when freeing.
   at: ~Dependency (servers/rendering/storage/utilities.cpp:56)
WARNING: Leaked instance dependency: Bug - did not call instance_notify_deleted when freeing.
   at: ~Dependency (servers/rendering/storage/utilities.cpp:56)
WARNING: Leaked instance dependency: Bug - did not call instance_notify_deleted when freeing.
   at: ~Dependency (servers/rendering/storage/utilities.cpp:56)
WARNING: Leaked instance dependency: Bug - did not call instance_notify_deleted when freeing.
   at: ~Dependency (servers/rendering/storage/utilities.cpp:56)
WARNING: Leaked instance dependency: Bug - did not call instance_notify_deleted when freeing.
   at: ~Dependency (servers/rendering/storage/utilities.cpp:56)
WARNING: Leaked instance dependency: Bug - did not call instance_notify_deleted when freeing.
   at: ~Dependency (servers/rendering/storage/utilities.cpp:56)
WARNING: Leaked instance dependency: Bug - did not call instance_notify_deleted when freeing.
   at: ~Dependency (servers/rendering/storage/utilities.cpp:56)
WARNING: Leaked instance dependency: Bug - did not call instance_notify_deleted when freeing.
   at: ~Dependency (servers/rendering/storage/utilities.cpp:56)
WARNING: Leaked instance dependency: Bug - did not call instance_notify_deleted when freeing.
   at: ~Dependency (servers/rendering/storage/utilities.cpp:56)
WARNING: Leaked instance dependency: Bug - did not call instance_notify_deleted when freeing.
   at: ~Dependency (servers/rendering/storage/utilities.cpp:56)
WARNING: Leaked instance dependency: Bug - did not call instance_notify_deleted when freeing.
   at: ~Dependency (servers/rendering/storage/utilities.cpp:56)
WARNING: Leaked instance dependency: Bug - did not call instance_notify_deleted when freeing.
   at: ~Dependency (servers/rendering/storage/utilities.cpp:56)
WARNING: Leaked instance dependency: Bug - did not call instance_notify_deleted when freeing.
   at: ~Dependency (servers/rendering/storage/utilities.cpp:56)
WARNING: Leaked instance dependency: Bug - did not call instance_notify_deleted when freeing.
   at: ~Dependency (servers/rendering/storage/utilities.cpp:56)
WARNING: Leaked instance dependency: Bug - did not call instance_notify_deleted when freeing.
   at: ~Dependency (servers/rendering/storage/utilities.cpp:56)
WARNING: Leaked instance dependency: Bug - did not call instance_notify_deleted when freeing.
   at: ~Dependency (servers/rendering/storage/utilities.cpp:56)
WARNING: Leaked instance dependency: Bug - did not call instance_notify_deleted when freeing.
   at: ~Dependency (servers/rendering/storage/utilities.cpp:56)
WARNING: Leaked instance dependency: Bug - did not call instance_notify_deleted when freeing.
   at: ~Dependency (servers/rendering/storage/utilities.cpp:56)
WARNING: Leaked instance dependency: Bug - did not call instance_notify_deleted when freeing.
   at: ~Dependency (servers/rendering/storage/utilities.cpp:56)
WARNING: Leaked instance dependency: Bug - did not call instance_notify_deleted when freeing.
   at: ~Dependency (servers/rendering/storage/utilities.cpp:56)
WARNING: Leaked instance dependency: Bug - did not call instance_notify_deleted when freeing.
   at: ~Dependency (servers/rendering/storage/utilities.cpp:56)
WARNING: Leaked instance dependency: Bug - did not call instance_notify_deleted when freeing.
   at: ~Dependency (servers/rendering/storage/utilities.cpp:56)
WARNING: Leaked instance dependency: Bug - did not call instance_notify_deleted when freeing.
   at: ~Dependency (servers/rendering/storage/utilities.cpp:56)
WARNING: Leaked instance dependency: Bug - did not call instance_notify_deleted when freeing.
   at: ~Dependency (servers/rendering/storage/utilities.cpp:56)
WARNING: Leaked instance dependency: Bug - did not call instance_notify_deleted when freeing.
   at: ~Dependency (servers/rendering/storage/utilities.cpp:56)
WARNING: Leaked instance dependency: Bug - did not call instance_notify_deleted when freeing.
   at: ~Dependency (servers/rendering/storage/utilities.cpp:56)
WARNING: Leaked instance dependency: Bug - did not call instance_notify_deleted when freeing.
   at: ~Dependency (servers/rendering/storage/utilities.cpp:56)
WARNING: Leaked instance dependency: Bug - did not call instance_notify_deleted when freeing.
   at: ~Dependency (servers/rendering/storage/utilities.cpp:56)
WARNING: Leaked instance dependency: Bug - did not call instance_notify_deleted when freeing.
   at: ~Dependency (servers/rendering/storage/utilities.cpp:56)
WARNING: Leaked instance dependency: Bug - did not call instance_notify_deleted when freeing.
   at: ~Dependency (servers/rendering/storage/utilities.cpp:56)
WARNING: Leaked instance dependency: Bug - did not call instance_notify_deleted when freeing.
   at: ~Dependency (servers/rendering/storage/utilities.cpp:56)
WARNING: Leaked instance dependency: Bug - did not call instance_notify_deleted when freeing.
   at: ~Dependency (servers/rendering/storage/utilities.cpp:56)
WARNING: Leaked instance dependency: Bug - did not call instance_notify_deleted when freeing.
   at: ~Dependency (servers/rendering/storage/utilities.cpp:56)
WARNING: Leaked instance dependency: Bug - did not call instance_notify_deleted when freeing.
   at: ~Dependency (servers/rendering/storage/utilities.cpp:56)
WARNING: Leaked instance dependency: Bug - did not call instance_notify_deleted when freeing.
   at: ~Dependency (servers/rendering/storage/utilities.cpp:56)
WARNING: Leaked instance dependency: Bug - did not call instance_notify_deleted when freeing.
   at: ~Dependency (servers/rendering/storage/utilities.cpp:56)
WARNING: Leaked instance dependency: Bug - did not call instance_notify_deleted when freeing.
   at: ~Dependency (servers/rendering/storage/utilities.cpp:56)
WARNING: Leaked instance dependency: Bug - did not call instance_notify_deleted when freeing.
   at: ~Dependency (servers/rendering/storage/utilities.cpp:56)
WARNING: Leaked instance dependency: Bug - did not call instance_notify_deleted when freeing.
   at: ~Dependency (servers/rendering/storage/utilities.cpp:56)
WARNING: Leaked instance dependency: Bug - did not call instance_notify_deleted when freeing.
   at: ~Dependency (servers/rendering/storage/utilities.cpp:56)
WARNING: Leaked instance dependency: Bug - did not call instance_notify_deleted when freeing.
   at: ~Dependency (servers/rendering/storage/utilities.cpp:56)
WARNING: Leaked instance dependency: Bug - did not call instance_notify_deleted when freeing.
   at: ~Dependency (servers/rendering/storage/utilities.cpp:56)
WARNING: Leaked instance dependency: Bug - did not call instance_notify_deleted when freeing.
   at: ~Dependency (servers/rendering/storage/utilities.cpp:56)
WARNING: Leaked instance dependency: Bug - did not call instance_notify_deleted when freeing.
   at: ~Dependency (servers/rendering/storage/utilities.cpp:56)
WARNING: Leaked instance dependency: Bug - did not call instance_notify_deleted when freeing.
   at: ~Dependency (servers/rendering/storage/utilities.cpp:56)
WARNING: Leaked instance dependency: Bug - did not call instance_notify_deleted when freeing.
   at: ~Dependency (servers/rendering/storage/utilities.cpp:56)
WARNING: Leaked instance dependency: Bug - did not call instance_notify_deleted when freeing.
   at: ~Dependency (servers/rendering/storage/utilities.cpp:56)
WARNING: Leaked instance dependency: Bug - did not call instance_notify_deleted when freeing.
   at: ~Dependency (servers/rendering/storage/utilities.cpp:56)
WARNING: Leaked instance dependency: Bug - did not call instance_notify_deleted when freeing.
   at: ~Dependency (servers/rendering/storage/utilities.cpp:56)
WARNING: Leaked instance dependency: Bug - did not call instance_notify_deleted when freeing.
   at: ~Dependency (servers/rendering/storage/utilities.cpp:56)
WARNING: Leaked instance dependency: Bug - did not call instance_notify_deleted when freeing.
   at: ~Dependency (servers/rendering/storage/utilities.cpp:56)
WARNING: Leaked instance dependency: Bug - did not call instance_notify_deleted when freeing.
   at: ~Dependency (servers/rendering/storage/utilities.cpp:56)
WARNING: Leaked instance dependency: Bug - did not call instance_notify_deleted when freeing.
   at: ~Dependency (servers/rendering/storage/utilities.cpp:56)
WARNING: Leaked instance dependency: Bug - did not call instance_notify_deleted when freeing.
   at: ~Dependency (servers/rendering/storage/utilities.cpp:56)
WARNING: Leaked instance dependency: Bug - did not call instance_notify_deleted when freeing.
   at: ~Dependency (servers/rendering/storage/utilities.cpp:56)
WARNING: Leaked instance dependency: Bug - did not call instance_notify_deleted when freeing.
   at: ~Dependency (servers/rendering/storage/utilities.cpp:56)
WARNING: Leaked instance dependency: Bug - did not call instance_notify_deleted when freeing.
   at: ~Dependency (servers/rendering/storage/utilities.cpp:56)
WARNING: Leaked instance dependency: Bug - did not call instance_notify_deleted when freeing.
   at: ~Dependency (servers/rendering/storage/utilities.cpp:56)
WARNING: Leaked instance dependency: Bug - did not call instance_notify_deleted when freeing.
   at: ~Dependency (servers/rendering/storage/utilities.cpp:56)
WARNING: Leaked instance dependency: Bug - did not call instance_notify_deleted when freeing.
   at: ~Dependency (servers/rendering/storage/utilities.cpp:56)
WARNING: Leaked instance dependency: Bug - did not call instance_notify_deleted when freeing.
   at: ~Dependency (servers/rendering/storage/utilities.cpp:56)
WARNING: Leaked instance dependency: Bug - did not call instance_notify_deleted when freeing.
   at: ~Dependency (servers/rendering/storage/utilities.cpp:56)
WARNING: Leaked instance dependency: Bug - did not call instance_notify_deleted when freeing.
   at: ~Dependency (servers/rendering/storage/utilities.cpp:56)
WARNING: Leaked instance dependency: Bug - did not call instance_notify_deleted when freeing.
   at: ~Dependency (servers/rendering/storage/utilities.cpp:56)
WARNING: Leaked instance dependency: Bug - did not call instance_notify_deleted when freeing.
   at: ~Dependency (servers/rendering/storage/utilities.cpp:56)
WARNING: Leaked instance dependency: Bug - did not call instance_notify_deleted when freeing.
   at: ~Dependency (servers/rendering/storage/utilities.cpp:56)
WARNING: Leaked instance dependency: Bug - did not call instance_notify_deleted when freeing.
   at: ~Dependency (servers/rendering/storage/utilities.cpp:56)
WARNING: Leaked instance dependency: Bug - did not call instance_notify_deleted when freeing.
   at: ~Dependency (servers/rendering/storage/utilities.cpp:56)
WARNING: Leaked instance dependency: Bug - did not call instance_notify_deleted when freeing.
   at: ~Dependency (servers/rendering/storage/utilities.cpp:56)
WARNING: Leaked instance dependency: Bug - did not call instance_notify_deleted when freeing.
   at: ~Dependency (servers/rendering/storage/utilities.cpp:56)
WARNING: Leaked instance dependency: Bug - did not call instance_notify_deleted when freeing.
   at: ~Dependency (servers/rendering/storage/utilities.cpp:56)
WARNING: Leaked instance dependency: Bug - did not call instance_notify_deleted when freeing.
   at: ~Dependency (servers/rendering/storage/utilities.cpp:56)
WARNING: Leaked instance dependency: Bug - did not call instance_notify_deleted when freeing.
   at: ~Dependency (servers/rendering/storage/utilities.cpp:56)
WARNING: Leaked instance dependency: Bug - did not call instance_notify_deleted when freeing.
   at: ~Dependency (servers/rendering/storage/utilities.cpp:56)
WARNING: Leaked instance dependency: Bug - did not call instance_notify_deleted when freeing.
   at: ~Dependency (servers/rendering/storage/utilities.cpp:56)
WARNING: Leaked instance dependency: Bug - did not call instance_notify_deleted when freeing.
   at: ~Dependency (servers/rendering/storage/utilities.cpp:56)
WARNING: Leaked instance dependency: Bug - did not call instance_notify_deleted when freeing.
   at: ~Dependency (servers/rendering/storage/utilities.cpp:56)
WARNING: Leaked instance dependency: Bug - did not call instance_notify_deleted when freeing.
   at: ~Dependency (servers/rendering/storage/utilities.cpp:56)
WARNING: Leaked instance dependency: Bug - did not call instance_notify_deleted when freeing.
   at: ~Dependency (servers/rendering/storage/utilities.cpp:56)
WARNING: Leaked instance dependency: Bug - did not call instance_notify_deleted when freeing.
   at: ~Dependency (servers/rendering/storage/utilities.cpp:56)
WARNING: Leaked instance dependency: Bug - did not call instance_notify_deleted when freeing.
   at: ~Dependency (servers/rendering/storage/utilities.cpp:56)
WARNING: Leaked instance dependency: Bug - did not call instance_notify_deleted when freeing.
   at: ~Dependency (servers/rendering/storage/utilities.cpp:56)
WARNING: Leaked instance dependency: Bug - did not call instance_notify_deleted when freeing.
   at: ~Dependency (servers/rendering/storage/utilities.cpp:56)
WARNING: Leaked instance dependency: Bug - did not call instance_notify_deleted when freeing.
   at: ~Dependency (servers/rendering/storage/utilities.cpp:56)
WARNING: 22 RIDs of type "UniformBuffer" were leaked.
   at: _free_rids (servers/rendering/rendering_device.cpp:8686)
WARNING: 116 RIDs of type "IndexArray" were leaked.
   at: _free_rids (servers/rendering/rendering_device.cpp:8686)
WARNING: 116 RIDs of type "IndexBuffer" were leaked.
   at: _free_rids (servers/rendering/rendering_device.cpp:8686)
WARNING: 147 RIDs of type "VertexBuffer" were leaked.
   at: _free_rids (servers/rendering/rendering_device.cpp:8686)
WARNING: 159 ObjectDB instances were leaked at exit (run with `--verbose` for details).
   at: cleanup (core/object/object.cpp:2536)
ERROR: 9 resources still in use at exit (run with --verbose for details).
   at: clear (core/io/resource.cpp:822)
ERROR: 65 RID allocations of type 'N10RendererRD11MeshStorage4MeshE' were leaked at exit.
ERROR: 22 RID allocations of type 'N10RendererRD15MaterialStorage8MaterialE' were leaked at exit.
ERROR: 2 RID allocations of type 'N10RendererRD15MaterialStorage6ShaderE' were leaked at exit.
ERROR: 64 RID allocations of type 'N17RendererSceneCull8InstanceE' were leaked at exit.
