Godot Engine v4.7.2.stable.official.ed1daf0bf - https://godotengine.org

CORE catalog-crops OK
CORE catalog-crop-fields OK
CORE catalog-items-registered OK
CORE catalog-items-count OK
CORE catalog-animal-products OK
CORE catalog-recipes-valid OK
CORE new-world-player OK
CORE new-world-money OK
CORE new-world-inventory OK
CORE new-world-day OK
CORE plant-till OK
CORE plant-till-twice-rejected OK
CORE plant-on-wild-rejected OK
CORE plant-seed OK
CORE plant-water OK
CORE grow-stage OK
CORE grow-mature OK
CORE harvest-item OK
CORE harvest-resets-plot OK
CORE harvest-unmature-rejected OK
CORE clock-day-rollover OK
CORE clock-wraps-to-morning OK
CORE clock-sleep OK
CORE clock-season-spring OK
CORE clock-season-summer OK
CORE clock-season-winter OK
CORE clock-text OK
CORE clock-weather OK
CORE animal-pet-once OK
CORE animal-pet-twice-rejected OK
CORE animal-new-day-resets OK
CORE animal-product OK
CORE economy-buy-insufficient OK
CORE economy-buy OK
CORE economy-take-seed OK
CORE economy-take-seed-empty OK
CORE economy-sell OK
CORE economy-sell-empties OK
CORE economy-eat-full-health OK
CORE save-writes OK
CORE save-loads OK
CORE save-day-money OK
CORE save-resources OK
CORE save-farm OK
CORE save-pastures OK
CORE save-animal OK
CORE save-missing-slot OK
CORE event-crop-planted OK
CORE event-money-changed OK
CORE_RESULT PASS
