Godot Engine v4.7.2.stable.official.ed1daf0bf - https://godotengine.org

FIRST_MAP 400m-calibration OK
FIRST_MAP full-world-extent OK
FIRST_MAP player-in-southwest-farm OK
FIRST_MAP npc-in-northeast-farm OK
FIRST_MAP farm-ownership-keeps-spawn OK
FIRST_MAP buildings-have-physical-not-symbol-size OK
FIRST_MAP traced-bridges-and-harbor OK
WORLD_CACHE HIT 209 top nodes
GAME_READY
FIRST_MAP default-starts-scaled-map OK
FIRST_MAP sea-cannot-be-walked-or-tilled OK
FIRST_MAP player-farm-has-crops OK
FIRST_MAP npc-farm-still-walkable OK
FIRST_MAP npc-farm-not-player-tillable OK
FIRST_MAP npc-farm-rejects-player-enclosure OK
FIRST_MAP route-farm-to-town OK
FIRST_MAP route-town-to-mine OK
FIRST_MAP route-town-to-npc-farm OK
FIRST_MAP route-town-to-harbor OK
FIRST_MAP map-save-slots-are-isolated OK
FIRST_MAP foreign-map-save-rejected OK
FIRST_MAP foreign-map-load-preserves-live-state OK
FIRST_MAP unidentified-legacy-save-rejected OK
FIRST_MAP town-shop-interactive FAIL
FIRST_MAP southwest-home-interactive OK
FIRST_MAP spawn-physically-clear OK
FIRST_MAP door-clear-cottage OK
FIRST_MAP building-solid-cottage OK
FIRST_MAP door-clear-player_barn OK
FIRST_MAP building-solid-player_barn OK
FIRST_MAP door-clear-player_coop OK
FIRST_MAP building-solid-player_coop OK
FIRST_MAP door-clear-npc_farmhouse OK
FIRST_MAP building-solid-npc_farmhouse OK
FIRST_MAP door-clear-npc_barn OK
FIRST_MAP building-solid-npc_barn OK
FIRST_MAP door-clear-npc_coop OK
FIRST_MAP building-solid-npc_coop OK
FIRST_MAP door-clear-clinic OK
FIRST_MAP building-solid-clinic OK
FIRST_MAP door-clear-shop OK
FIRST_MAP building-solid-shop OK
FIRST_MAP door-clear-inn OK
FIRST_MAP building-solid-inn OK
FIRST_MAP door-clear-hall OK
FIRST_MAP building-solid-hall OK
FIRST_MAP door-clear-library OK
FIRST_MAP building-solid-library OK
FIRST_MAP door-clear-school OK
FIRST_MAP building-solid-school OK
FIRST_MAP door-clear-home_west_1 OK
FIRST_MAP building-solid-home_west_1 OK
FIRST_MAP door-clear-home_west_2 OK
FIRST_MAP building-solid-home_west_2 OK
FIRST_MAP door-clear-home_west_3 OK
FIRST_MAP building-solid-home_west_3 OK
FIRST_MAP door-clear-home_west_4 OK
FIRST_MAP building-solid-home_west_4 OK
FIRST_MAP door-clear-home_west_5 OK
FIRST_MAP building-solid-home_west_5 OK
FIRST_MAP door-clear-home_town OK
FIRST_MAP building-solid-home_town OK
FIRST_MAP door-clear-bakery OK
FIRST_MAP building-solid-bakery OK
FIRST_MAP door-clear-carpenter OK
FIRST_MAP building-solid-carpenter OK
FIRST_MAP door-clear-smith OK
FIRST_MAP building-solid-smith OK
FIRST_MAP door-clear-harbor_house OK
FIRST_MAP building-solid-harbor_house OK
FIRST_MAP bridge-connects-banks-north_bridge OK
FIRST_MAP bridge-cannot-be-farmed-north_bridge OK
FIRST_MAP bridge-height-follows-deck-north_bridge OK
FIRST_MAP bridge-physical-crossing-north_bridge OK
FIRST_MAP bridge-navigation-crossing-north_bridge OK
FIRST_MAP bridge-connects-banks-npc_farm_bridge OK
FIRST_MAP bridge-cannot-be-farmed-npc_farm_bridge OK
FIRST_MAP bridge-height-follows-deck-npc_farm_bridge OK
FIRST_MAP bridge-physical-crossing-npc_farm_bridge OK
FIRST_MAP bridge-navigation-crossing-npc_farm_bridge OK
FIRST_MAP bridge-connects-banks-town_east_bridge OK
FIRST_MAP bridge-cannot-be-farmed-town_east_bridge OK
FIRST_MAP bridge-height-follows-deck-town_east_bridge OK
FIRST_MAP bridge-physical-crossing-town_east_bridge OK
FIRST_MAP bridge-navigation-crossing-town_east_bridge OK
FIRST_MAP bridge-connects-banks-harbor_bridge OK
FIRST_MAP bridge-cannot-be-farmed-harbor_bridge OK
FIRST_MAP bridge-height-follows-deck-harbor_bridge OK
FIRST_MAP bridge-physical-crossing-harbor_bridge OK
FIRST_MAP bridge-navigation-crossing-harbor_bridge OK
FIRST_MAP garden-gate-open-12.0 OK
FIRST_MAP garden-gate-open-42.0 OK
FIRST_MAP garden-fences-have-collision OK
FIRST_MAP garden-fence-blocks-crossing-0 OK
FIRST_MAP garden-fence-protects-soil-0 OK
FIRST_MAP garden-fence-blocks-crossing-1 OK
FIRST_MAP garden-fence-protects-soil-1 OK
FIRST_MAP garden-fence-blocks-crossing-2 OK
FIRST_MAP garden-fence-protects-soil-2 OK
FIRST_MAP garden-fence-blocks-crossing-3 OK
FIRST_MAP garden-fence-protects-soil-3 OK
FIRST_MAP garden-fence-blocks-crossing-4 OK
FIRST_MAP garden-fence-protects-soil-4 OK
FIRST_MAP garden-fence-blocks-crossing-5 OK
FIRST_MAP garden-fence-protects-soil-5 OK
FIRST_MAP garden-fence-blocks-crossing-6 OK
FIRST_MAP garden-fence-protects-soil-6 OK
FIRST_MAP garden-fence-blocks-crossing-7 OK
FIRST_MAP garden-fence-protects-soil-7 OK
FIRST_MAP garden-fence-blocks-crossing-8 OK
FIRST_MAP garden-fence-protects-soil-8 OK
FIRST_MAP bridge-parapets-have-collision-north_bridge OK
FIRST_MAP bridge-parapet-is-physically-solid-north_bridge OK
FIRST_MAP bridge-parapet-blocks-domain-route-north_bridge OK
FIRST_MAP bridge-parapets-have-collision-town_east_bridge OK
FIRST_MAP bridge-parapet-is-physically-solid-town_east_bridge OK
FIRST_MAP bridge-parapet-blocks-domain-route-town_east_bridge OK
FIRST_MAP pasture-gate-physically-open OK
FIRST_MAP pasture-fence-blocks-crossing OK
FIRST_MAP pasture-fence-blocks-domain-route OK
FIRST_MAP pasture-interior-protects-soil OK
FIRST_MAP mine-approach-physically-open OK
FIRST_MAP mine-entrance-protects-soil OK
FIRST_MAP square-protects-soil OK
FIRST_MAP lake-protects-soil OK
FIRST_MAP custom-fence-cannot-cover-street OK
FIRST_MAP custom-pasture-site-available OK
FIRST_MAP custom-pasture-builds-on-current-map OK
FIRST_MAP custom-pasture-reserves-soil OK
FIRST_MAP world-boundary-(1309.01, 0.0, 0.0) OK
FIRST_MAP world-boundary-(-1309.01, 0.0, 0.0) OK
FIRST_MAP world-boundary-(0.0, 0.0, 1197.129) OK
FIRST_MAP world-boundary-(0.0, 0.0, -1197.129) OK
FIRST_MAP navigation-grid-is-bounded OK
FIRST_MAP normal-input-crosses-north_bridge OK
FIRST_MAP normal-input-follows-height-north_bridge OK
FIRST_MAP normal-input-crosses-harbor_bridge OK
FIRST_MAP normal-input-follows-height-harbor_bridge OK
FIRST_MAP normal-input-stops-at-water-bank OK
FIRST_MAP save-writes-calibrated-map-identity OK
FIRST_MAP normal-mine-entry-from-new-landmark OK
FIRST_MAP load-from-mine-restores-surface-controls OK
FIRST_MAP load-restores-economy-and-inventory OK
FIRST_MAP load-restores-crop-growth-and-water OK
FIRST_MAP load-restores-fences-without-duplicates OK
FIRST_MAP load-restores-calibrated-player-position OK
FIRST_MAP repeated-load-is-idempotent OK
FIRST_MAP cache-files-written OK
FIRST_MAP cache-fingerprint-matches-sources OK
FIRST_MAP cache-misses-on-fingerprint-change OK
WORLD_CACHE MISS
WORLD_CACHE STORED
FIRST_MAP cache-rebuild-restores-world OK
FIRST_MAP cache-restored-on-disk OK
WORLD_CACHE HIT 209 top nodes
FIRST_MAP cache-hit-returns-equivalent-world OK
FIRST_MAP forest-chunks-bounded OK
FIRST_MAP_RESULT FAIL town-shop-interactive 152 checks
