Godot Engine v4.7.2.stable.official.ed1daf0bf - https://godotengine.org

WORLD_CACHE HIT 209 top nodes
GAME_READY
FISHING real-lake-bank-found OK
FISHING real-river-bank-found OK
FISHING rod-registered-as-unstackable-tool OK
FISHING lake-bank-detects-water OK
FISHING lake-target-is-wet-and-reachable OK
FISHING lake-cast-starts OK
FISHING lake-bobber-is-on-target OK
FISHING lake-facing-land-rejects-cast OK
FISHING river-bank-detects-water OK
FISHING river-target-is-wet-and-reachable OK
FISHING river-cast-starts OK
FISHING river-bobber-is-on-target OK
FISHING river-facing-land-rejects-cast OK
FISHING real-sea-bank-found OK
FISHING sea-is-not-freshwater OK
FISHING water-covered-by-deck-found OK
FISHING deck-surface-rejects-bobber OK
FISHING freshwater-deck-edge-found OK
FISHING can-cast-from-deck-into-water OK
FISHING non-rod-cannot-cast OK
FISHING tired-cast-rejected-without-charge OK
FISHING transition-blocks-cast OK
FISHING modal-blocks-cast OK
FISHING cast-charges-five-energy OK
FISHING early-reel-has-no-award-or-second-charge OK
FISHING repeated-cast-does-not-recharge OK
FISHING winter-snow-midnight-casts-use-restricted-pool OK
FISHING zero-equips-visible-rod OK
FISHING e-casts-at-real-bank OK
FISHING cast-fish-is-eligible-in-snapshot-context OK
FISHING cast-advances-to-bite OK
FISHING skill-level-lengthens-bite-window OK
FISHING midcast-season-weather-time-change-keeps-fish OK
FISHING space-hooks-without-instant-fish OK
FISHING hooking-does-not-emit-item-added OK
FISHING hooking-does-not-award-skill-xp OK
FISHING held-e-reels-through-normal-process OK
FISHING held-space-reels-through-normal-process OK
FISHING held-left-mouse-reels-through-normal-process OK
FISHING released-input-relaxes-tension OK
FISHING controlled-reeling-records-high-control-score OK
FISHING managed-fight-awards-one-fish OK
FISHING caught-fish-emits-one-item-added OK
FISHING successful-fish-awards-xp-once OK
FISHING clean-catch-at-skill-five-awards-gold OK
FISHING successful-fish-awards-skill-xp-and-level-once OK
FISHING fight-costs-no-extra-energy OK
FISHING successful-catch-removes-bobber OK
FISHING finished-catch-cannot-double-award OK
FISHING finished-catch-cannot-repeat-item-added OK
FISHING finished-catch-cannot-repeat-grade-or-skill-xp OK
FISHING space-also-casts OK
FISHING escape-cancels-cast OK
FISHING inventory-cancels-immediately OK
FISHING escape-closes-inventory OK
FISHING missed-bite-cleans-up OK
FISHING constant-reel-can-break-line OK
FISHING never-reeling-loses-fish OK
FISHING failed-attempts-award-neither-fish-nor-xp OK
FISHING failed-attempts-award-neither-grade-nor-skill-xp OK
FISHING walking-away-cancels-cast OK
FISHING turning-away-cancels-cast OK
FISHING changing-tool-cancels-immediately OK
FISHING natural-day-rollover-cancels-cast OK
FISHING sleep-cancels-cast OK
FISHING interrupted-casts-award-no-grade-or-skill-xp OK
FISHING fish-exist-before-save OK
FISHING in-memory-roundtrip-preserves-fish OK
FISHING in-memory-roundtrip-preserves-grade-and-skill OK
FISHING fish-save-written-and-readable OK
FISHING fish-save-includes-grade-and-skill OK
FISHING failed-load-preserves-cast OK
FISHING foreign-map-load-preserves-cast OK
FISHING successful-load-restores-fish-and-cancels-cast OK
FISHING successful-load-restores-grade-and-skill OK
FISHING legacy-fish-save-resets-grade-and-skill OK
FISHING legacy-save-without-fish-clears-old-counts OK
FISHING fish-save-can-be-reloaded-repeatedly OK
FISHING grade-and-skill-can-be-reloaded-repeatedly OK
FISHING mixed-fish-grade-prices-and-rounding OK
FISHING combined-sale-total-includes-crop-and-fish-grades OK
FISHING inventory-shows-earned-fishing-level-and-xp OK
FISHING inventory-shows-mixed-grade-fish-stocks OK
FISHING fish-catalog-includes-all-six-species-and-skill OK
FISHING inventory-panel-fits-viewport OK
FISHING shop-estimate-includes-entire-fish-value OK
FISHING shop-estimate-stays-within-panel OK
FISHING shop-sale-converts-all-fish-to-coins OK
FISHING shop-sale-clears-fish-grades OK
FISHING sale-emits-one-removal-per-fish-stack OK
FISHING sale-emits-matching-money-change-once OK
FISHING shop-estimate-clears-after-sale OK
FISHING second-sale-earns-zero OK
FISHING second-sale-emits-no-extra-economic-events OK
FISHING travel-cancels-before-fade OK
FISHING mine-transition-completes OK
FISHING mine-cannot-cast OK
FISHING return-to-surface-completes OK
FISHING multi-day-sapling-fixture-created OK
FISHING multi-day-jump-emits-each-day-in-order OK
FISHING multi-day-jump-settles-sapling-growth-each-day OK
FISHING multi-day-jump-keeps-final-calendar-time OK
FISHING multi-day-jump-crosses-season-once OK
FISHING multi-day-jump-applies-each-daily-weather OK
FISHING_RESULT PASS 104 checks
