Godot Engine v4.7.2.stable.official.ed1daf0bf - https://godotengine.org

FORAGE label-nonempty-daffodil OK
FORAGE price-positive-daffodil OK
FORAGE weight-positive-daffodil OK
FORAGE habitats-known-daffodil OK
FORAGE seasons-known-daffodil OK
FORAGE weathers-known-daffodil OK
FORAGE rarity-known-daffodil OK
FORAGE label-nonempty-dandelion OK
FORAGE price-positive-dandelion OK
FORAGE weight-positive-dandelion OK
FORAGE habitats-known-dandelion OK
FORAGE seasons-known-dandelion OK
FORAGE weathers-known-dandelion OK
FORAGE rarity-known-dandelion OK
FORAGE label-nonempty-wild_radish OK
FORAGE price-positive-wild_radish OK
FORAGE weight-positive-wild_radish OK
FORAGE habitats-known-wild_radish OK
FORAGE seasons-known-wild_radish OK
FORAGE weathers-known-wild_radish OK
FORAGE rarity-known-wild_radish OK
FORAGE label-nonempty-leek OK
FORAGE price-positive-leek OK
FORAGE weight-positive-leek OK
FORAGE habitats-known-leek OK
FORAGE seasons-known-leek OK
FORAGE weathers-known-leek OK
FORAGE rarity-known-leek OK
FORAGE label-nonempty-sweet_pea OK
FORAGE price-positive-sweet_pea OK
FORAGE weight-positive-sweet_pea OK
FORAGE habitats-known-sweet_pea OK
FORAGE seasons-known-sweet_pea OK
FORAGE weathers-known-sweet_pea OK
FORAGE rarity-known-sweet_pea OK
FORAGE label-nonempty-wild_berry OK
FORAGE price-positive-wild_berry OK
FORAGE weight-positive-wild_berry OK
FORAGE habitats-known-wild_berry OK
FORAGE seasons-known-wild_berry OK
FORAGE weathers-known-wild_berry OK
FORAGE rarity-known-wild_berry OK
FORAGE label-nonempty-mint OK
FORAGE price-positive-mint OK
FORAGE weight-positive-mint OK
FORAGE habitats-known-mint OK
FORAGE seasons-known-mint OK
FORAGE weathers-known-mint OK
FORAGE rarity-known-mint OK
FORAGE label-nonempty-mushroom OK
FORAGE price-positive-mushroom OK
FORAGE weight-positive-mushroom OK
FORAGE habitats-known-mushroom OK
FORAGE seasons-known-mushroom OK
FORAGE weathers-known-mushroom OK
FORAGE rarity-known-mushroom OK
FORAGE label-nonempty-blackberry OK
FORAGE price-positive-blackberry OK
FORAGE weight-positive-blackberry OK
FORAGE habitats-known-blackberry OK
FORAGE seasons-known-blackberry OK
FORAGE weathers-known-blackberry OK
FORAGE rarity-known-blackberry OK
FORAGE label-nonempty-hazel OK
FORAGE price-positive-hazel OK
FORAGE weight-positive-hazel OK
FORAGE habitats-known-hazel OK
FORAGE seasons-known-hazel OK
FORAGE weathers-known-hazel OK
FORAGE rarity-known-hazel OK
FORAGE label-nonempty-winter_root OK
FORAGE price-positive-winter_root OK
FORAGE weight-positive-winter_root OK
FORAGE habitats-known-winter_root OK
FORAGE seasons-known-winter_root OK
FORAGE weathers-known-winter_root OK
FORAGE rarity-known-winter_root OK
FORAGE label-nonempty-crystal_fruit OK
FORAGE price-positive-crystal_fruit OK
FORAGE weight-positive-crystal_fruit OK
FORAGE habitats-known-crystal_fruit OK
FORAGE seasons-known-crystal_fruit OK
FORAGE weathers-known-crystal_fruit OK
FORAGE rarity-known-crystal_fruit OK
FORAGE label-nonempty-shell OK
FORAGE price-positive-shell OK
FORAGE weight-positive-shell OK
FORAGE habitats-known-shell OK
FORAGE seasons-known-shell OK
FORAGE weathers-known-shell OK
FORAGE rarity-known-shell OK
FORAGE label-nonempty-cockle OK
FORAGE price-positive-cockle OK
FORAGE weight-positive-cockle OK
FORAGE habitats-known-cockle OK
FORAGE seasons-known-cockle OK
FORAGE weathers-known-cockle OK
FORAGE rarity-known-cockle OK
FORAGE season-has-forage-spring OK
FORAGE season-has-forage-summer OK
FORAGE season-has-forage-autumn OK
FORAGE season-has-forage-winter OK
FORAGE habitat-has-forage-forest OK
FORAGE habitat-has-forage-orchard OK
FORAGE habitat-has-forage-mountain OK
FORAGE habitat-has-forage-lakeside OK
FORAGE habitat-has-forage-shore OK
FORAGE habitat-has-forage-town OK
FORAGE itemdb-registers-forage OK
FORAGE itemdb-forage-sellable OK
FORAGE daffodil-spring-forest OK
FORAGE daffodil-not-autumn OK
FORAGE daffodil-not-mountain OK
FORAGE shell-winter-shore OK
FORAGE cockle-not-winter OK
FORAGE empty-context-allows-all-seasons OK
FORAGE unknown-kind-rejected OK
FORAGE invalid-context-key-rejected OK
FORAGE invalid-season-rejected OK
FORAGE mint-summer-only OK
FORAGE winter-town-empty OK
FORAGE roll-deterministic-and-eligible OK
FORAGE spring-roll-covers-multiple-species OK
FORAGE empty-pool-returns-empty OK
FORAGE winter-roll-limited-to-cold-habitats OK
FORAGE forage-starts-empty OK
FORAGE add-forage-counts OK
FORAGE add-forage-single-events OK
FORAGE sale-total-includes-forage OK
FORAGE sell-credits-forage OK
FORAGE sell-clears-forage OK
FORAGE sell-emits-removal-events OK
FORAGE forage-survives-roundtrip OK
FORAGE to-dict-does-not-mutate-state OK
FORAGE legacy-save-zero-forage OK
FORAGE dirty-forage-sanitized OK
FORAGE from-dict-does-not-mutate-input OK
FORAGE payload-untouched OK
FORAGE_DOMAIN_RESULT PASS 138 checks
