Godot Engine v4.7.2.stable.official.ed1daf0bf - https://godotengine.org

SMOKE_BEGIN
SMOKE boot-coins OK
SMOKE world-ready OK
SMOKE smoke-farm-site-available OK
SMOKE till OK
SMOKE plant OK
SMOKE invalid-plant-keeps-seeds OK
SMOKE water OK
SMOKE grow OK
SMOKE harvest OK
SMOKE shop-open OK
SMOKE sell FAIL
SMOKE shop-close OK
SMOKE trough-fill OK
SMOKE pet OK
SMOKE sleep OK
SMOKE produce OK
SMOKE produce-milk OK
SMOKE collect OK
SMOKE sell-ranch FAIL
SMOKE map-opens-locks-player OK
SMOKE map-closes-unlocks-player OK
SMOKE spawn-clear OK
SMOKE route-cottage OK
SMOKE solid-cottage OK
SMOKE route-shop OK
SMOKE solid-shop OK
SMOKE route-barn OK
SMOKE solid-barn OK
SMOKE route-coop OK
SMOKE solid-coop OK
SMOKE route-hall OK
SMOKE solid-hall OK
SMOKE route-clinic OK
SMOKE solid-clinic OK
SMOKE route-library OK
SMOKE solid-library OK
SMOKE route-inn OK
SMOKE solid-inn OK
SMOKE route-bakery OK
SMOKE solid-bakery OK
SMOKE route-smith OK
SMOKE solid-smith OK
SMOKE route-carpenter OK
SMOKE solid-carpenter OK
SMOKE route-home_oak OK
SMOKE solid-home_oak OK
SMOKE route-home_mint OK
SMOKE solid-home_mint OK
SMOKE route-home_flower OK
SMOKE solid-home_flower OK
SMOKE route-home_lake OK
SMOKE solid-home_lake OK
SMOKE route-forest_cabin OK
SMOKE solid-forest_cabin OK
SMOKE route-windmill OK
SMOKE solid-windmill OK
SMOKE route-mine-entrance OK
SMOKE mine-entrance-not-tillable OK
SMOKE farm-gate-connected OK
SMOKE pasture-gate-connected OK
SMOKE expanded-west-accessible OK
SMOKE expanded-east-accessible OK
SMOKE square-not-tillable OK
SMOKE lake-not-tillable OK
SMOKE rounded-corner-not-tillable OK
SMOKE outer-meadow-tillable OK
SMOKE fence-cannot-cover-street OK
SMOKE custom-pasture-site-available OK
SMOKE custom-pasture-built OK
SMOKE pasture-ground-protected OK
SMOKE mountain-boundary-(110.0, 0.0, 0.0) OK
SMOKE mountain-boundary-(-110.0, 0.0, 0.0) OK
SMOKE mountain-boundary-(0.0, 0.0, 94.0) OK
SMOKE mountain-boundary-(0.0, 0.0, -94.0) OK
SMOKE held-hand OK
SMOKE held-hoe OK
SMOKE held-can OK
SMOKE held-seed OK
SMOKE held-fence OK
SMOKE held-pickaxe OK
SMOKE held-sword OK
SMOKE held-axe OK
SMOKE held-sapling OK
SMOKE held-rod OK
SMOKE seed-packet-follows-crop OK
SMOKE mine-door-context OK
SMOKE mine-enter OK
SMOKE surface-collision-disabled OK
SMOKE mine-wall-collision-active OK
SMOKE unvisited-lifts-disabled OK
SMOKE locked-checkpoint-rejected OK
SMOKE ladder-in-sealed-rock OK
SMOKE pickaxe-action-starts OK
SMOKE action-cannot-repeat-in-cooldown OK
SMOKE held-tool-follows-arm OK
SMOKE one-pick-hit-at-contact OK
SMOKE one-swing-one-rock-hit OK
SMOKE mining-reveals-down-ladder OK
SMOKE mineral-drop-collected OK
SMOKE farm-tools-do-not-damage-monsters OK
SMOKE sword-direction-matters OK
SMOKE sword-damages-monster OK
SMOKE monster-hit-shows-damage-number OK
SMOKE sword-does-not-repeat-same-hit OK
SMOKE walls-block-attack-line OK
SMOKE player-hit-and-invulnerability OK
SMOKE mine-map-pauses-combat OK
SMOKE mine-map-resumes-combat OK
SMOKE ration-heals-and-consumes-once OK
SMOKE full-health-keeps-ration OK
SMOKE monster-chases-through-cavern OK
SMOKE monster-telegraphs-and-hits-player OK
SMOKE floor-01-identity OK
SMOKE floor-01-walkable-route OK
SMOKE floor-01-collision-boundary OK
SMOKE floor-01-down-unlocked OK
SMOKE stairs-01-to-02 OK
SMOKE floor-02-identity OK
SMOKE floor-02-walkable-route OK
SMOKE floor-02-collision-boundary OK
SMOKE floor-02-down-unlocked OK
SMOKE stairs-02-to-03 OK
SMOKE floor-03-identity OK
SMOKE floor-03-walkable-route OK
SMOKE floor-03-collision-boundary OK
SMOKE floor-03-down-unlocked OK
SMOKE stairs-03-to-04 OK
SMOKE floor-04-identity OK
SMOKE floor-04-walkable-route OK
SMOKE floor-04-collision-boundary OK
SMOKE floor-04-down-unlocked OK
SMOKE stairs-04-to-05 OK
SMOKE floor-05-identity OK
SMOKE floor-05-walkable-route OK
SMOKE floor-05-collision-boundary OK
SMOKE camp-restores-health-and-rations OK
SMOKE camp-reward-once OK
SMOKE floor-05-down-unlocked OK
SMOKE stairs-05-to-06 OK
SMOKE floor-06-identity OK
SMOKE floor-06-walkable-route OK
SMOKE floor-06-collision-boundary OK
SMOKE floor-06-down-unlocked OK
SMOKE stairs-06-to-07 OK
SMOKE floor-07-identity OK
SMOKE floor-07-walkable-route OK
SMOKE floor-07-collision-boundary OK
SMOKE floor-07-down-unlocked OK
SMOKE stairs-07-to-08 OK
SMOKE floor-08-identity OK
SMOKE floor-08-walkable-route OK
SMOKE floor-08-collision-boundary OK
SMOKE floor-08-down-unlocked OK
SMOKE stairs-08-to-09 OK
SMOKE floor-09-identity OK
SMOKE floor-09-walkable-route OK
SMOKE floor-09-collision-boundary OK
SMOKE floor-09-down-unlocked OK
SMOKE stairs-09-to-10 OK
SMOKE floor-10-identity OK
SMOKE floor-10-walkable-route OK
SMOKE floor-10-collision-boundary OK
SMOKE all-ten-floors-built OK
SMOKE no-eleventh-floor OK
SMOKE floor-ten-guardian-present OK
SMOKE final-chest-locked-by-monsters OK
SMOKE defeated-monster-cannot-drop-twice OK
SMOKE defeated-monster-cannot-drop-twice OK
SMOKE defeated-monster-cannot-drop-twice OK
SMOKE crystal-chamber-cleared OK
SMOKE final-chest-reward-once OK
SMOKE checkpoint-retains-camp-state OK
SMOKE upstairs-returns-to-previous-floor OK
SMOKE return-to-valley OK
SMOKE surface-collision-restored OK
SMOKE inactive-mine-collision-removed OK
SMOKE farm-state-preserved-across-maps OK
SMOKE surface-equipment-restored OK
SMOKE entrance-offers-unlocked-lifts OK
SMOKE revisit-preserves-mining-state OK
SMOKE defeat-recovers-at-mine-entrance OK
SMOKE defeat-keeps-collected-minerals OK
SMOKE farmhouse-restores-exploration-supplies OK
SMOKE forest-existing-trees-are-resources OK
SMOKE surface-ordinary-ore-populated OK
SMOKE surface-ore-whitelist OK
SMOKE plant-test-location-available OK
SMOKE tree-trunk-collides OK
SMOKE living-tree-prevents-tilling-and-pasture OK
SMOKE tree-rejects-hand OK
SMOKE tree-rejects-hoe OK
SMOKE tree-rejects-pickaxe OK
SMOKE tree-rejects-sword OK
SMOKE chop-must-face-tree OK
SMOKE chop-has-limited-reach OK
SMOKE axe-focus-shows-tree OK
SMOKE axe-enters-swing-with-cooldown OK
SMOKE axe-windup-not-instant-hit OK
SMOKE axe-follows-hand-animation OK
SMOKE axe-contact-damages-once OK
SMOKE chop-shows-damage-and-notch OK
SMOKE axe-swing-not-repeated OK
SMOKE tool-switch-cancels-pending-chop OK
SMOKE map-pauses-chopping OK
SMOKE map-resumes-forestry OK
SMOKE fences-block-chopping-line OK
SMOKE tree-needs-three-chops OK
SMOKE tree-falls-and-releases-occupancy OK
SMOKE wood-drops-onto-ground OK
SMOKE depleted-tree-cannot-drop-twice OK
SMOKE fallen-trunk-collision-removed OK
SMOKE wood-pickup-enters-inventory OK
SMOKE cleared-tree-ground-can-be-tilled OK
SMOKE no-regrowth-on-tilled-farmland OK
SMOKE no-regrowth-on-planted-farmland OK
SMOKE no-regrowth-on-watered-farmland OK
SMOKE no-regrowth-on-mature-farmland OK
SMOKE no-regrowth-on-harvested-farmland OK
SMOKE farmland-full-footprint-protected OK
SMOKE invalid-planting-keeps-sapling OK
SMOKE refresh-protects-roads-buildings-water-pasture-tree OK
SMOKE refresh-protects-roads-buildings-water-pasture-ore OK
SMOKE refresh-does-not-spawn-on-player OK
SMOKE sapling-targets-front-grid OK
SMOKE plant-consumes-one-sapling OK
SMOKE sapling-starts-small-and-reserves-space OK
SMOKE sapling-growth-day-1 OK
SMOKE sapling-growth-day-2 OK
SMOKE sapling-growth-day-3 OK
SMOKE sapling-matures-into-choppable-tree OK
SMOKE young-tree-plants-on-undeveloped-ground OK
SMOKE young-tree-recovers-sapling-without-free-wood OK
SMOKE surface-ore-focus-stone OK
SMOKE surface-ore-needs-pickaxe-stone OK
SMOKE surface-ore-depletes-once-stone OK
SMOKE surface-mineral-pickup-stone OK
SMOKE mined-surface-ground-opens-stone OK
SMOKE surface-ore-focus-copper OK
SMOKE surface-ore-needs-pickaxe-copper OK
SMOKE surface-ore-depletes-once-copper OK
SMOKE surface-mineral-pickup-copper OK
SMOKE mined-surface-ground-opens-copper OK
SMOKE surface-ore-focus-coal OK
SMOKE surface-ore-needs-pickaxe-coal OK
SMOKE surface-ore-depletes-once-coal OK
SMOKE surface-mineral-pickup-coal OK
SMOKE mined-surface-ground-opens-coal OK
SMOKE advanced-material-rejected-on-surface-iron OK
SMOKE advanced-material-rejected-on-surface-crystal OK
SMOKE advanced-material-rejected-on-surface-slime OK
SMOKE surface-mining-never-awards-advanced-ore OK
SMOKE surface-trees-disabled-inside-mine OK
SMOKE surface-drops-pause-inside-mine OK
SMOKE dawn-in-mine-grows-surface-trees OK
SMOKE dawn-keeps-surface-collision-disabled OK
SMOKE mine-return-retains-trees-and-loot OK
SMOKE mine-return-restores-tree-collision-and-axe OK
SMOKE surface-drops-collect-after-mine-return OK
SMOKE daily-random-tree-and-ore-replenishment OK
SMOKE one-refresh-per-day OK
SMOKE long-running-refresh-preserves-all-developed-tiles OK
SMOKE natural-resource-density-is-bounded OK
SMOKE advanced-ores-never-generated-after-sixty-days OK
SMOKE adult-trees-always-drop-wood OK
SMOKE saplings-drop-with-probability-not-guaranteed OK
SMOKE early-sapling-recovery-does-not-duplicate-materials OK
SMOKE_RESULT FAIL sell,sell-ranch
