Godot Engine v4.7.2.stable.official.ed1daf0bf - https://godotengine.org

NPC label-nonempty-pierre OK
NPC role-nonempty-pierre OK
NPC greet-nonempty-pierre OK
NPC palette-coat-pierre OK
NPC palette-pants-pierre OK
NPC palette-hair-pierre OK
NPC schedule-sorted-pierre OK
NPC schedule-contiguous-pierre OK
NPC schedule-contiguous-pierre OK
NPC schedule-contiguous-pierre OK
NPC schedule-covers-day-pierre OK
NPC schedule-anchor-pierre-shop_door OK
NPC schedule-anchor-pierre-shop_door OK
NPC schedule-anchor-pierre-town_square OK
NPC schedule-anchor-pierre-shop_door OK
NPC chat-low-pierre OK
NPC chat-mid-pierre OK
NPC chat-high-pierre OK
NPC gift-react-loves-pierre OK
NPC gift-react-likes-pierre OK
NPC gift-react-neutral-pierre OK
NPC gift-react-hates-pierre OK
NPC gift-id-valid-pierre-radish OK
NPC gift-id-valid-pierre-strawberry OK
NPC gift-id-valid-pierre-pumpkin OK
NPC gift-id-valid-pierre-wheat OK
NPC gift-id-valid-pierre-egg OK
NPC gift-id-valid-pierre-sweet_pea OK
NPC gift-id-valid-pierre-slime OK
NPC label-nonempty-marnie OK
NPC role-nonempty-marnie OK
NPC greet-nonempty-marnie OK
NPC palette-coat-marnie OK
NPC palette-pants-marnie OK
NPC palette-hair-marnie OK
NPC schedule-sorted-marnie OK
NPC schedule-contiguous-marnie OK
NPC schedule-contiguous-marnie OK
NPC schedule-contiguous-marnie OK
NPC schedule-covers-day-marnie OK
NPC schedule-anchor-marnie-site:npc_barn OK
NPC schedule-anchor-marnie-site:npc_farmhouse OK
NPC schedule-anchor-marnie-site:npc_barn OK
NPC schedule-anchor-marnie-site:npc_farmhouse OK
NPC chat-low-marnie OK
NPC chat-mid-marnie OK
NPC chat-high-marnie OK
NPC gift-react-loves-marnie OK
NPC gift-react-likes-marnie OK
NPC gift-react-neutral-marnie OK
NPC gift-react-hates-marnie OK
NPC gift-id-valid-marnie-milk OK
NPC gift-id-valid-marnie-egg OK
NPC gift-id-valid-marnie-wool OK
NPC gift-id-valid-marnie-wheat OK
NPC gift-id-valid-marnie-dandelion OK
NPC gift-id-valid-marnie-sardine OK
NPC label-nonempty-clint OK
NPC role-nonempty-clint OK
NPC greet-nonempty-clint OK
NPC palette-coat-clint OK
NPC palette-pants-clint OK
NPC palette-hair-clint OK
NPC schedule-sorted-clint OK
NPC schedule-contiguous-clint OK
NPC schedule-contiguous-clint OK
NPC schedule-covers-day-clint OK
NPC schedule-anchor-clint-site:smith OK
NPC schedule-anchor-clint-site:inn OK
NPC schedule-anchor-clint-site:smith OK
NPC chat-low-clint OK
NPC chat-mid-clint OK
NPC chat-high-clint OK
NPC gift-react-loves-clint OK
NPC gift-react-likes-clint OK
NPC gift-react-neutral-clint OK
NPC gift-react-hates-clint OK
NPC gift-id-valid-clint-copper OK
NPC gift-id-valid-clint-iron OK
NPC gift-id-valid-clint-crystal OK
NPC gift-id-valid-clint-coal OK
NPC gift-id-valid-clint-stone OK
NPC gift-id-valid-clint-mushroom OK
NPC gift-id-valid-clint-daffodil OK
NPC label-nonempty-wang OK
NPC role-nonempty-wang OK
NPC greet-nonempty-wang OK
NPC palette-coat-wang OK
NPC palette-pants-wang OK
NPC palette-hair-wang OK
NPC schedule-sorted-wang OK
NPC schedule-contiguous-wang OK
NPC schedule-contiguous-wang OK
NPC schedule-covers-day-wang OK
NPC schedule-anchor-wang-lake_view OK
NPC schedule-anchor-wang-site:inn OK
NPC schedule-anchor-wang-site:home_town OK
NPC chat-low-wang OK
NPC chat-mid-wang OK
NPC chat-high-wang OK
NPC gift-react-loves-wang OK
NPC gift-react-likes-wang OK
NPC gift-react-neutral-wang OK
NPC gift-react-hates-wang OK
NPC gift-id-valid-wang-koi OK
NPC gift-id-valid-wang-catfish OK
NPC gift-id-valid-wang-perch OK
NPC gift-id-valid-wang-rainbow_trout OK
NPC gift-id-valid-wang-shell OK
NPC gift-id-valid-wang-cockle OK
NPC gift-id-valid-wang-stone OK
NPC roster-four-npcs OK
NPC morning-first-slot OK
NPC workday-noon OK
NPC evening-square OK
NPC night-returns OK
NPC late-night-folds-to-last OK
NPC dawn-before-six-folds OK
NPC marnie-barn-morning OK
NPC marnie-lunch-home OK
NPC clint-inn-evening OK
NPC wang-lake-day OK
NPC boundary-inclusive-start OK
NPC boundary-exclusive-end OK
NPC friendship-starts-zero OK
NPC first-talk-gains OK
NPC same-day-talk-no-gain OK
NPC next-day-talk-gains OK
NPC unknown-npc-rejected OK
NPC friendship-capped OK
NPC hearts-ten-at-max OK
NPC tier-low OK
NPC tier-mid OK
NPC tier-high OK
NPC met-flag OK
NPC giftable-lists-families OK
NPC giftable-excludes-empty OK
NPC remove-harvest OK
NPC remove-fish OK
NPC remove-forage OK
NPC remove-product OK
NPC remove-empty-fails OK
NPC gift-loves OK
NPC gift-once-per-day OK
NPC gifted-today-flag OK
NPC gift-next-day OK
NPC gift-hates-floored OK
NPC gift-unknown-tier OK
NPC tier-lookup OK
NPC chat-line-from-low-pool OK
NPC gift-line-loves OK
NPC quality-take-normal-first OK
NPC quality-take-silver-next OK
NPC npc-survives-roundtrip OK
NPC roundtrip-zero-untouched OK
NPC legacy-save-zero-npc OK
NPC dirty-npc-sanitized OK
NPC dirty-input-untouched OK
NPC payload-untouched OK
NPC_DOMAIN_RESULT PASS 159 checks
