Godot Engine v4.7.2.stable.official.ed1daf0bf - https://godotengine.org

QUEST label-nonempty-pierre_veggies OK
QUEST brief-nonempty-pierre_veggies OK
QUEST thanks-nonempty-pierre_veggies OK
QUEST giver-known-pierre_veggies OK
QUEST reward-coins-pierre_veggies OK
QUEST reward-friendship-pierre_veggies OK
QUEST requires-known-pierre_veggies OK
QUEST collect-count-pierre_veggies OK
QUEST collect-item-giftable-pierre_veggies OK
QUEST label-nonempty-pierre_fish OK
QUEST brief-nonempty-pierre_fish OK
QUEST thanks-nonempty-pierre_fish OK
QUEST giver-known-pierre_fish OK
QUEST reward-coins-pierre_fish OK
QUEST reward-friendship-pierre_fish OK
QUEST requires-known-pierre_fish OK
QUEST requires-same-giver-pierre_fish OK
QUEST collect-count-pierre_fish OK
QUEST collect-item-giftable-pierre_fish OK
QUEST label-nonempty-marnie_eggs OK
QUEST brief-nonempty-marnie_eggs OK
QUEST thanks-nonempty-marnie_eggs OK
QUEST giver-known-marnie_eggs OK
QUEST reward-coins-marnie_eggs OK
QUEST reward-friendship-marnie_eggs OK
QUEST requires-known-marnie_eggs OK
QUEST collect-count-marnie_eggs OK
QUEST collect-item-giftable-marnie_eggs OK
QUEST label-nonempty-marnie_wood OK
QUEST brief-nonempty-marnie_wood OK
QUEST thanks-nonempty-marnie_wood OK
QUEST giver-known-marnie_wood OK
QUEST reward-coins-marnie_wood OK
QUEST reward-friendship-marnie_wood OK
QUEST requires-known-marnie_wood OK
QUEST requires-same-giver-marnie_wood OK
QUEST collect-count-marnie_wood OK
QUEST collect-item-giftable-marnie_wood OK
QUEST label-nonempty-clint_ore OK
QUEST brief-nonempty-clint_ore OK
QUEST thanks-nonempty-clint_ore OK
QUEST giver-known-clint_ore OK
QUEST reward-coins-clint_ore OK
QUEST reward-friendship-clint_ore OK
QUEST requires-known-clint_ore OK
QUEST collect-count-clint_ore OK
QUEST collect-item-giftable-clint_ore OK
QUEST label-nonempty-clint_coal OK
QUEST brief-nonempty-clint_coal OK
QUEST thanks-nonempty-clint_coal OK
QUEST giver-known-clint_coal OK
QUEST reward-coins-clint_coal OK
QUEST reward-friendship-clint_coal OK
QUEST requires-known-clint_coal OK
QUEST requires-same-giver-clint_coal OK
QUEST collect-count-clint_coal OK
QUEST collect-item-giftable-clint_coal OK
QUEST label-nonempty-wang_message OK
QUEST brief-nonempty-wang_message OK
QUEST thanks-nonempty-wang_message OK
QUEST giver-known-wang_message OK
QUEST reward-coins-wang_message OK
QUEST reward-friendship-wang_message OK
QUEST requires-known-wang_message OK
QUEST visit-target-known-wang_message OK
QUEST visit-target-not-giver-wang_message OK
QUEST label-nonempty-wang_carp OK
QUEST brief-nonempty-wang_carp OK
QUEST thanks-nonempty-wang_carp OK
QUEST giver-known-wang_carp OK
QUEST reward-coins-wang_carp OK
QUEST reward-friendship-wang_carp OK
QUEST requires-known-wang_carp OK
QUEST requires-same-giver-wang_carp OK
QUEST collect-count-wang_carp OK
QUEST collect-item-giftable-wang_carp OK
QUEST chain-acyclic-pierre_veggies OK
QUEST chain-acyclic-pierre_fish OK
QUEST chain-acyclic-marnie_eggs OK
QUEST chain-acyclic-marnie_wood OK
QUEST chain-acyclic-clint_ore OK
QUEST chain-acyclic-clint_coal OK
QUEST chain-acyclic-wang_message OK
QUEST chain-acyclic-wang_carp OK
QUEST giver-has-quests-pierre OK
QUEST giver-has-quests-marnie OK
QUEST giver-has-quests-clint OK
QUEST giver-has-quests-wang OK
QUEST roster-eight-quests OK
QUEST offers-fresh-pierre OK
QUEST offers-fresh-marnie OK
QUEST offers-fresh-clint OK
QUEST offers-fresh-wang OK
QUEST offer-unlocks-after-prereq OK
QUEST completed-quest-not-reoffered OK
QUEST is-offered-unknown-false OK
QUEST is-offered-completed-false OK
QUEST fresh-quest-available OK
QUEST accept-records-day OK
QUEST accepted-not-available OK
QUEST double-accept-rejected OK
QUEST accept-unknown-rejected OK
QUEST active-before-complete OK
QUEST progress-zero-empty OK
QUEST turnable-false-empty OK
QUEST progress-counts-items OK
QUEST turnable-false-partial OK
QUEST complete-rejects-partial OK
QUEST progress-clamped-to-need OK
QUEST turnable-when-full OK
QUEST complete-pays-coins OK
QUEST complete-pays-friendship OK
QUEST complete-consumes-items OK
QUEST completed-no-longer-active OK
QUEST double-complete-rejected OK
QUEST complete-unknown-rejected OK
QUEST visit-never-turnable OK
QUEST visit-progress-zero OK
QUEST visit-wrong-target-empty OK
QUEST visit-keeps-active OK
QUEST visit-completes-at-target OK
QUEST visit-pays-giver-friendship OK
QUEST visit-completed-recorded OK
QUEST visit-second-visit-empty OK
QUEST visit-unlocks-chain OK
QUEST friendship-clamped-at-max OK
QUEST turnable-with-quality-mix OK
QUEST quality-aligned-after-turnin OK
QUEST active-collect-list OK
QUEST quests-survive-roundtrip OK
QUEST roundtrip-gating-keeps OK
QUEST legacy-save-no-quests OK
QUEST dirty-quests-sanitized OK
QUEST dirty-input-untouched OK
QUEST payload-untouched OK
QUEST_DOMAIN_RESULT PASS 135 checks
